Archive member included to satisfy reference by file (symbol)

/home/rennerra/.pico-sdk/toolchain/14_2_Rel1/bin/../lib/gcc/arm-none-eabi/14.2.1/../../../../arm-none-eabi/lib/thumb/v8-m.main+fp/softfp/libm.a(libm_a-wf_sqrt.o)
                              CMakeFiles/Robot-Car.dir/home/rennerra/.pico-sdk/sdk/2.2.0/src/rp2_common/pico_float/float_math.c.o (sqrtf)
/home/rennerra/.pico-sdk/toolchain/14_2_Rel1/bin/../lib/gcc/arm-none-eabi/14.2.1/../../../../arm-none-eabi/lib/thumb/v8-m.main+fp/softfp/libm.a(libm_a-ef_sqrt.o)
                              /home/rennerra/.pico-sdk/toolchain/14_2_Rel1/bin/../lib/gcc/arm-none-eabi/14.2.1/../../../../arm-none-eabi/lib/thumb/v8-m.main+fp/softfp/libm.a(libm_a-wf_sqrt.o) (__ieee754_sqrtf)
/home/rennerra/.pico-sdk/toolchain/14_2_Rel1/bin/../lib/gcc/arm-none-eabi/14.2.1/thumb/v8-m.main+fp/softfp/libgcc.a(_arm_addsubdf3.o)
                              CMakeFiles/Robot-Car.dir/Robot-Car.c.o (__aeabi_f2d)
/home/rennerra/.pico-sdk/toolchain/14_2_Rel1/bin/../lib/gcc/arm-none-eabi/14.2.1/thumb/v8-m.main+fp/softfp/libgcc.a(_aeabi_ldivmod.o)
                              CMakeFiles/Robot-Car.dir/home/rennerra/.pico-sdk/sdk/2.2.0/src/common/pico_time/time.c.o (__aeabi_ldivmod)
/home/rennerra/.pico-sdk/toolchain/14_2_Rel1/bin/../lib/gcc/arm-none-eabi/14.2.1/thumb/v8-m.main+fp/softfp/libgcc.a(_aeabi_uldivmod.o)
                              CMakeFiles/Robot-Car.dir/home/rennerra/.pico-sdk/sdk/2.2.0/src/rp2_common/hardware_clocks/clocks.c.o (__aeabi_uldivmod)
/home/rennerra/.pico-sdk/toolchain/14_2_Rel1/bin/../lib/gcc/arm-none-eabi/14.2.1/thumb/v8-m.main+fp/softfp/libgcc.a(_udivmoddi4.o)
                              /home/rennerra/.pico-sdk/toolchain/14_2_Rel1/bin/../lib/gcc/arm-none-eabi/14.2.1/thumb/v8-m.main+fp/softfp/libgcc.a(_aeabi_ldivmod.o) (__udivmoddi4)
/home/rennerra/.pico-sdk/toolchain/14_2_Rel1/bin/../lib/gcc/arm-none-eabi/14.2.1/thumb/v8-m.main+fp/softfp/libgcc.a(_dvmd_tls.o)
                              /home/rennerra/.pico-sdk/toolchain/14_2_Rel1/bin/../lib/gcc/arm-none-eabi/14.2.1/thumb/v8-m.main+fp/softfp/libgcc.a(_aeabi_ldivmod.o) (__aeabi_ldiv0)
/home/rennerra/.pico-sdk/toolchain/14_2_Rel1/bin/../lib/gcc/arm-none-eabi/14.2.1/../../../../arm-none-eabi/lib/thumb/v8-m.main+fp/softfp/libg.a(libc_a-calloc.o)
                              CMakeFiles/Robot-Car.dir/home/rennerra/.pico-sdk/sdk/2.2.0/src/rp2_common/pico_malloc/malloc.c.o (calloc)
/home/rennerra/.pico-sdk/toolchain/14_2_Rel1/bin/../lib/gcc/arm-none-eabi/14.2.1/../../../../arm-none-eabi/lib/thumb/v8-m.main+fp/softfp/libg.a(libc_a-callocr.o)
                              /home/rennerra/.pico-sdk/toolchain/14_2_Rel1/bin/../lib/gcc/arm-none-eabi/14.2.1/../../../../arm-none-eabi/lib/thumb/v8-m.main+fp/softfp/libg.a(libc_a-calloc.o) (_calloc_r)
/home/rennerra/.pico-sdk/toolchain/14_2_Rel1/bin/../lib/gcc/arm-none-eabi/14.2.1/../../../../arm-none-eabi/lib/thumb/v8-m.main+fp/softfp/libg.a(libc_a-malloc.o)
                              CMakeFiles/Robot-Car.dir/home/rennerra/.pico-sdk/sdk/2.2.0/src/rp2_common/pico_malloc/malloc.c.o (malloc)
/home/rennerra/.pico-sdk/toolchain/14_2_Rel1/bin/../lib/gcc/arm-none-eabi/14.2.1/../../../../arm-none-eabi/lib/thumb/v8-m.main+fp/softfp/libg.a(libc_a-mallocr.o)
                              /home/rennerra/.pico-sdk/toolchain/14_2_Rel1/bin/../lib/gcc/arm-none-eabi/14.2.1/../../../../arm-none-eabi/lib/thumb/v8-m.main+fp/softfp/libg.a(libc_a-callocr.o) (_malloc_r)
/home/rennerra/.pico-sdk/toolchain/14_2_Rel1/bin/../lib/gcc/arm-none-eabi/14.2.1/../../../../arm-none-eabi/lib/thumb/v8-m.main+fp/softfp/libg.a(libc_a-mlock.o)
                              /home/rennerra/.pico-sdk/toolchain/14_2_Rel1/bin/../lib/gcc/arm-none-eabi/14.2.1/../../../../arm-none-eabi/lib/thumb/v8-m.main+fp/softfp/libg.a(libc_a-mallocr.o) (__malloc_lock)
/home/rennerra/.pico-sdk/toolchain/14_2_Rel1/bin/../lib/gcc/arm-none-eabi/14.2.1/../../../../arm-none-eabi/lib/thumb/v8-m.main+fp/softfp/libg.a(libc_a-realloc.o)
                              CMakeFiles/Robot-Car.dir/home/rennerra/.pico-sdk/sdk/2.2.0/src/rp2_common/pico_malloc/malloc.c.o (realloc)
/home/rennerra/.pico-sdk/toolchain/14_2_Rel1/bin/../lib/gcc/arm-none-eabi/14.2.1/../../../../arm-none-eabi/lib/thumb/v8-m.main+fp/softfp/libg.a(libc_a-reallocr.o)
                              /home/rennerra/.pico-sdk/toolchain/14_2_Rel1/bin/../lib/gcc/arm-none-eabi/14.2.1/../../../../arm-none-eabi/lib/thumb/v8-m.main+fp/softfp/libg.a(libc_a-realloc.o) (_realloc_r)
/home/rennerra/.pico-sdk/toolchain/14_2_Rel1/bin/../lib/gcc/arm-none-eabi/14.2.1/../../../../arm-none-eabi/lib/thumb/v8-m.main+fp/softfp/libg.a(libc_a-ctype_.o)
                              CMakeFiles/Robot-Car.dir/home/rennerra/.pico-sdk/sdk/2.2.0/lib/tinyusb/src/tusb.c.o (_ctype_)
/home/rennerra/.pico-sdk/toolchain/14_2_Rel1/bin/../lib/gcc/arm-none-eabi/14.2.1/../../../../arm-none-eabi/lib/thumb/v8-m.main+fp/softfp/libg.a(libc_a-fclose.o)
[...]
Memory Configuration

Name             Origin             Length             Attributes
FLASH            0x10000000         0x00400000         xr
RAM              0x20000000         0x00080000         xrw
SCRATCH_X        0x20080000         0x00001000         xrw
SCRATCH_Y        0x20081000         0x00001000         xrw
*default*        0x00000000         0xffffffff

Linker script and memory map

LOAD /home/rennerra/.pico-sdk/toolchain/14_2_Rel1/bin/../lib/gcc/arm-none-eabi/14.2.1/thumb/v8-m.main+fp/softfp/crti.o
LOAD /home/rennerra/.pico-sdk/toolchain/14_2_Rel1/bin/../lib/gcc/arm-none-eabi/14.2.1/thumb/v8-m.main+fp/softfp/crtbegin.o
LOAD /home/rennerra/.pico-sdk/toolchain/14_2_Rel1/bin/../lib/gcc/arm-none-eabi/14.2.1/../../../../arm-none-eabi/lib/thumb/v8-m.main+fp/softfp/crt0.o

.flash_begin    0x10000000        0x0
                0x10000000                        __flash_binary_start = .

.text           0x10000000     0xe7c8
                0x10000000                        __logical_binary_start = .
 *(.vectors)
 .vectors       0x10000000      0x124 CMakeFiles/Robot-Car.dir/home/rennerra/.pico-sdk/sdk/2.2.0/src/rp2_common/pico_crt0/crt0.S.o
                0x10000000                __vectors
                0x10000000                __VECTOR_TABLE
                0x10000110                isr_securefault
                0x10000110                isr_irq30
                0x10000110                __unhandled_user_irq
                0x10000110                isr_irq49
                0x10000110                isr_irq13
                0x10000110                isr_irq43
                0x10000110                isr_irq45
                0x10000110                isr_irq27
                0x10000110                isr_irq32
                0x10000110                isr_irq31
                0x10000110                isr_irq5
                0x10000110                isr_irq11
                0x10000110                isr_irq23
                0x10000110                isr_usagefault
                0x10000110                isr_irq48
                0x10000110                isr_irq35
                0x10000110                isr_irq18
                0x10000110                isr_irq50
                0x10000110                isr_irq40
                0x10000110                isr_irq28
                0x10000110                isr_irq19
                0x10000110                isr_irq36
                0x10000110                isr_irq41
                0x10000110                isr_irq0
                0x10000110                isr_irq6
                0x10000110                isr_memmanage
                0x10000110                isr_irq37
                0x10000110                isr_irq42
                0x10000110                isr_irq22
                0x10000110                isr_irq17
                0x10000110                isr_irq38
                0x10000110                isr_irq14
                0x10000110                __vectors_end
                0x10000110                __default_isrs_start
                0x10000110                isr_irq2
                0x10000110                isr_irq10
                0x10000110                isr_irq8
                0x10000110                isr_debugmonitor
                0x10000110                isr_irq24
                0x10000110                isr_irq46
                0x10000110                isr_irq1
                0x10000110                isr_irq47
                0x10000110                isr_irq51
                0x10000110                isr_irq7
                0x10000110                isr_irq21
                0x10000110                isr_irq39
                0x10000110                isr_irq20
                0x10000110                isr_irq15
                0x10000110                isr_irq25
                0x10000110                isr_irq34
                0x10000110                isr_irq4
                0x10000110                isr_busfault
                0x10000110                isr_irq16
                0x10000110                isr_irq44
                0x10000110                isr_irq29
                0x10000110                isr_irq26
                0x10000110                isr_irq33
                0x10000110                isr_irq3
                0x10000110                isr_irq12
                0x10000110                isr_irq9
                0x10000116                unhandled_user_irq_num_in_r0
                0x10000118                isr_invalid
                0x1000011a                isr_nmi
                0x1000011c                isr_hardfault
                0x1000011e                isr_svcall
                0x10000120                isr_pendsv
                0x10000122                isr_systick
                0x10000124                __default_isrs_end
 *(.binary_info_header)
 .binary_info_header
                0x10000124       0x14 CMakeFiles/Robot-Car.dir/home/rennerra/.pico-sdk/sdk/2.2.0/src/rp2_common/pico_crt0/crt0.S.o
                0x10000138                        __binary_info_header_end = .
 *(.embedded_block)
 .embedded_block
                0x10000138       0x14 CMakeFiles/Robot-Car.dir/home/rennerra/.pico-sdk/sdk/2.2.0/src/rp2_common/pico_crt0/crt0.S.o
                0x1000014c                        __embedded_block_end = .
 *(.reset)
 .reset         0x1000014c       0x98 CMakeFiles/Robot-Car.dir/home/rennerra/.pico-sdk/sdk/2.2.0/src/rp2_common/pico_crt0/crt0.S.o
                0x1000014c                _entry_point
 *(.init)
 .init          0x100001e4        0x4 /home/rennerra/.pico-sdk/toolchain/14_2_Rel1/bin/../lib/gcc/arm-none-eabi/14.2.1/thumb/v8-m.main+fp/softfp/crti.o
                0x100001e4                _init
 *libgcc.a:cmse_nonsecure_call.o()
 *(EXCLUDE_FILE(*libm.a: *libc.a:*lib_a-mem*.o *libgcc.a:) .text*)
 .text.register_tm_clones
                0x100001e8       0x28 /home/rennerra/.pico-sdk/toolchain/14_2_Rel1/bin/../lib/gcc/arm-none-eabi/14.2.1/thumb/v8-m.main+fp/softfp/crtbegin.o
 .text.frame_dummy
                0x10000210       0x24 /home/rennerra/.pico-sdk/toolchain/14_2_Rel1/bin/../lib/gcc/arm-none-eabi/14.2.1/thumb/v8-m.main+fp/softfp/crtbegin.o
 .text.startI2C0
                0x10000234       0x58 CMakeFiles/Robot-Car.dir/Robot-Car.c.o
                0x10000234                startI2C0
 .text.main     0x1000028c      0x26c CMakeFiles/Robot-Car.dir/Robot-Car.c.o
                0x1000028c                main
 .text.add_repeating_timer_ms
                0x100004f8       0x52 CMakeFiles/Robot-Car.dir/Multithreading.c.o
 *fill*         0x1000054a        0x6 
 .text.mode_LineFollowing
                0x10000550       0xbc CMakeFiles/Robot-Car.dir/Multithreading.c.o
 .text.mode_MazeSolving
                0x1000060c       0x48 CMakeFiles/Robot-Car.dir/Multithreading.c.o
 .text.mode_RemoteControl
                0x10000654       0xb8 CMakeFiles/Robot-Car.dir/Multithreading.c.o
 .text.pidUpdate_timer_callback
                0x1000070c      0x138 CMakeFiles/Robot-Car.dir/Multithreading.c.o
                0x1000070c                pidUpdate_timer_callback
 .text.control_motors_timer_callback
                0x10000844       0x4c CMakeFiles/Robot-Car.dir/Multithreading.c.o
                0x10000844                control_motors_timer_callback
 .text.initCore1
                0x10000890       0x14 CMakeFiles/Robot-Car.dir/Multithreading.c.o
                0x10000890                initCore1
 .text.change_core1_mode
                0x100008a4        0xc CMakeFiles/Robot-Car.dir/Multithreading.c.o
                0x100008a4                change_core1_mode
 .text.startI2C1
                0x100008b0       0x58 CMakeFiles/Robot-Car.dir/Multithreading.c.o
                0x100008b0                startI2C1
 .text.core1_main_entry_point
                0x10000908       0xd0 CMakeFiles/Robot-Car.dir/Multithreading.c.o
 .text.start_control_loop
                0x100009d8       0x1c CMakeFiles/Robot-Car.dir/Multithreading.c.o
                0x100009d8                start_control_loop
 .text.pwm_set_chan_level
                0x100009f4       0x30 CMakeFiles/Robot-Car.dir/Subsystems/Drive_Subsystem.c.o
 .text.pwm_set_gpio_level
                0x10000a24       0x20 CMakeFiles/Robot-Car.dir/Subsystems/Drive_Subsystem.c.o
 .text.initMotor
                0x10000a44       0xf4 CMakeFiles/Robot-Car.dir/Subsystems/Drive_Subsystem.c.o
 .text.setDrivePWM
                0x10000b38       0xa0 CMakeFiles/Robot-Car.dir/Subsystems/Drive_Subsystem.c.o
                0x10000b38                setDrivePWM
 .text.setMotorVelocity
                0x10000bd8       0x56 CMakeFiles/Robot-Car.dir/Subsystems/Drive_Subsystem.c.o
                0x10000bd8                setMotorVelocity
 *fill*         0x10000c2e        0x2 
 .text.setDrivetrainVelocity
                0x10000c30       0x70 CMakeFiles/Robot-Car.dir/Subsystems/Drive_Subsystem.c.o
                0x10000c30                setDrivetrainVelocity
 .text.initDrivetrain
                0x10000ca0       0xa0 CMakeFiles/Robot-Car.dir/Subsystems/Drive_Subsystem.c.o
                0x10000ca0                initDrivetrain
 .text.sm_config_set_clkdiv
                0x10000d40       0x5c CMakeFiles/Robot-Car.dir/Subsystems/Screen_Subsystem.c.o
 .text.pio_get_default_sm_config
                0x10000d9c       0x24 CMakeFiles/Robot-Car.dir/Subsystems/Screen_Subsystem.c.o
 .text.menuButtons_program_get_default_config
                0x10000dc0       0x22 CMakeFiles/Robot-Car.dir/Subsystems/Screen_Subsystem.c.o
 *fill*         0x10000de2        0x2 
 .text.menuButtons_program_init
                0x10000de4       0x90 CMakeFiles/Robot-Car.dir/Subsystems/Screen_Subsystem.c.o
 .text.pio_irq_handler_menuButtons
                0x10000e74      0x1d8 CMakeFiles/Robot-Car.dir/Subsystems/Screen_Subsystem.c.o
                0x10000e74                pio_irq_handler_menuButtons
 .text.initMenu
                0x1000104c       0x2c CMakeFiles/Robot-Car.dir/Subsystems/Screen_Subsystem.c.o
                0x1000104c                initMenu
 .text.initScreen
                0x10001078      0x15c CMakeFiles/Robot-Car.dir/Subsystems/Screen_Subsystem.c.o
                0x10001078                initScreen
 .text.writeMenu
                0x100011d4      0x2f0 CMakeFiles/Robot-Car.dir/Subsystems/Screen_Subsystem.c.o
                0x100011d4                writeMenu
 .text.pio_get_default_sm_config
                0x100014c4       0x24 CMakeFiles/Robot-Car.dir/Subsystems/Reflective_Sensor_Subsystem.c.o
 .text.pollReflectance_program_get_default_config
                0x100014e8       0x22 CMakeFiles/Robot-Car.dir/Subsystems/Reflective_Sensor_Subsystem.c.o
 .text.pollReflectance_program_init
                0x1000150a       0x8e CMakeFiles/Robot-Car.dir/Subsystems/Reflective_Sensor_Subsystem.c.o
 .text.initReflectiveSensor
                0x10001598       0x54 CMakeFiles/Robot-Car.dir/Subsystems/Reflective_Sensor_Subsystem.c.o
 .text.initReflectiveSystem
                0x100015ec       0xec CMakeFiles/Robot-Car.dir/Subsystems/Reflective_Sensor_Subsystem.c.o
                0x100015ec                initReflectiveSystem
 .text.readReflectance
                0x100016d8       0x4e CMakeFiles/Robot-Car.dir/Subsystems/Reflective_Sensor_Subsystem.c.o
                0x100016d8                readReflectance
 *fill*         0x10001726        0x2 
 .text.normalize_sensor
                0x10001728       0x68 CMakeFiles/Robot-Car.dir/Subsystems/Reflective_Sensor_Subsystem.c.o
                0x10001728                normalize_sensor
 .text.calculate_line_error
                0x10001790       0x60 CMakeFiles/Robot-Car.dir/Subsystems/Reflective_Sensor_Subsystem.c.o
                0x10001790                calculate_line_error
 .text.initToFSensor_VL53L1x
                0x100017f0       0xcc CMakeFiles/Robot-Car.dir/Subsystems/Distance_Sensor_Subsystem.c.o
                0x100017f0                initToFSensor_VL53L1x
 .text.readDistance_VL53L1x
                0x100018bc       0x4c CMakeFiles/Robot-Car.dir/Subsystems/Distance_Sensor_Subsystem.c.o
                0x100018bc                readDistance_VL53L1x
 .text.initToFSensor_VL53L0x
                0x10001908      0x120 CMakeFiles/Robot-Car.dir/Subsystems/Distance_Sensor_Subsystem.c.o
                0x10001908                initToFSensor_VL53L0x
 .text.initDistanceSystem
                0x10001a28       0xd4 CMakeFiles/Robot-Car.dir/Subsystems/Distance_Sensor_Subsystem.c.o
                0x10001a28                initDistanceSystem
 .text.readDistance_VL53L0x
                0x10001afc       0x4e CMakeFiles/Robot-Car.dir/Subsystems/Distance_Sensor_Subsystem.c.o
                0x10001afc                readDistance_VL53L0x
 *fill*         0x10001b4a        0x6 
 .text.avoidWalls
                0x10001b50      0x1e0 CMakeFiles/Robot-Car.dir/Subsystems/Distance_Sensor_Subsystem.c.o
                0x10001b50                avoidWalls
 .text.initPID_Controller
                0x10001d30       0x4c CMakeFiles/Robot-Car.dir/Subsystems/PID_Subsystem.c.o
                0x10001d30                initPID_Controller
 .text.pidController
                0x10001d7c      0x104 CMakeFiles/Robot-Car.dir/Subsystems/PID_Subsystem.c.o
                0x10001d7c                pidController
 .text.uart_getc
                0x10001e80       0x30 CMakeFiles/Robot-Car.dir/Subsystems/Remote_Control_Subsystem.c.o
 .text.initChannel
                0x10001eb0       0x78 CMakeFiles/Robot-Car.dir/Subsystems/Remote_Control_Subsystem.c.o
 .text.initIBus
                0x10001f28       0x58 CMakeFiles/Robot-Car.dir/Subsystems/Remote_Control_Subsystem.c.o
                0x10001f28                initIBus
 .text.readIBus
                0x10001f80       0xc0 CMakeFiles/Robot-Car.dir/Subsystems/Remote_Control_Subsystem.c.o
                0x10001f80                readIBus
 .text.saveCalibration
                0x10002040       0x84 CMakeFiles/Robot-Car.dir/Subsystems/Flash_Subsystem.c.o
 .text.writeCalibration
                0x100020c4       0x10 CMakeFiles/Robot-Car.dir/Subsystems/Flash_Subsystem.c.o
 .text.eraseCalibration
                0x100020d4        0xc CMakeFiles/Robot-Car.dir/Subsystems/Flash_Subsystem.c.o
 .text.runCalibration
                0x100020e0      0x194 CMakeFiles/Robot-Car.dir/Subsystems/Flash_Subsystem.c.o
                0x100020e0                runCalibration
 .text.loadCalibration
                0x10002274       0x5c CMakeFiles/Robot-Car.dir/Subsystems/Flash_Subsystem.c.o
                0x10002274                loadCalibration
 .text.getWholeNoteDuration
                0x100022d0       0x38 CMakeFiles/Robot-Car.dir/Subsystems/Music_Subsystem.c.o
                0x100022d0                getWholeNoteDuration
 .text.playNote
                0x10002308       0xf0 CMakeFiles/Robot-Car.dir/Subsystems/Music_Subsystem.c.o
                0x10002308                playNote
 .text.playMusic
                0x100023f8      0x16c CMakeFiles/Robot-Car.dir/Subsystems/Music_Subsystem.c.o
                0x100023f8                playMusic
 .text.fancy_write
                0x10002564       0x38 CMakeFiles/Robot-Car.dir/Sensor_Libs/ssd1306.c.o
 .text.ssd1306_write
                0x1000259c       0x28 CMakeFiles/Robot-Car.dir/Sensor_Libs/ssd1306.c.o
 .text.ssd1306_init
                0x100025c4      0x104 CMakeFiles/Robot-Car.dir/Sensor_Libs/ssd1306.c.o
                0x100025c4                ssd1306_init
 .text.ssd1306_contrast
                0x100026c8       0x16 CMakeFiles/Robot-Car.dir/Sensor_Libs/ssd1306.c.o
                0x100026c8                ssd1306_contrast
 .text.ssd1306_clear
                0x100026de        0xe CMakeFiles/Robot-Car.dir/Sensor_Libs/ssd1306.c.o
                0x100026de                ssd1306_clear
 .text.ssd1306_draw_pixel
                0x100026ec       0x30 CMakeFiles/Robot-Car.dir/Sensor_Libs/ssd1306.c.o
                0x100026ec                ssd1306_draw_pixel
 .text.ssd1306_draw_square
                0x1000271c       0x32 CMakeFiles/Robot-Car.dir/Sensor_Libs/ssd1306.c.o
                0x1000271c                ssd1306_draw_square
 .text.ssd1306_draw_char_with_font
                0x1000274e       0xb0 CMakeFiles/Robot-Car.dir/Sensor_Libs/ssd1306.c.o
                0x1000274e                ssd1306_draw_char_with_font
 .text.ssd1306_draw_string_with_font
                0x100027fe       0x3e CMakeFiles/Robot-Car.dir/Sensor_Libs/ssd1306.c.o
                0x100027fe                ssd1306_draw_string_with_font
 .text.ssd1306_draw_string
                0x1000283c       0x18 CMakeFiles/Robot-Car.dir/Sensor_Libs/ssd1306.c.o
                0x1000283c                ssd1306_draw_string
 .text.ssd1306_show
                0x10002854       0x7c CMakeFiles/Robot-Car.dir/Sensor_Libs/ssd1306.c.o
                0x10002854                ssd1306_show
 .text.adc_gpio_init
                0x100028d0       0x1e CMakeFiles/Robot-Car.dir/Sensor_Libs/AS5600.c.o
 *fill*         0x100028ee        0x2 
 .text.readMagEncoder
                0x100028f0       0x80 CMakeFiles/Robot-Car.dir/Sensor_Libs/AS5600.c.o
                0x100028f0                readMagEncoder
 .text.initMagEncoder
                0x10002970       0x40 CMakeFiles/Robot-Car.dir/Sensor_Libs/AS5600.c.o
                0x10002970                initMagEncoder
 .text.readMagEncoder_I2C
                0x100029b0       0x6c CMakeFiles/Robot-Car.dir/Sensor_Libs/AS5600.c.o
                0x100029b0                readMagEncoder_I2C
 *fill*         0x10002a1c        0x4 
 .text.calculateVelocity
                0x10002a20      0x138 CMakeFiles/Robot-Car.dir/Sensor_Libs/AS5600.c.o
                0x10002a20                calculateVelocity
 .text.VL53L1X_SetI2CAddress
                0x10002b58        0xc CMakeFiles/Robot-Car.dir/Sensor_Libs/VL53L1x/VL53L1X_api.c.o
                0x10002b58                VL53L1X_SetI2CAddress
 .text.VL53L1X_ClearInterrupt
                0x10002b64        0xc CMakeFiles/Robot-Car.dir/Sensor_Libs/VL53L1x/VL53L1X_api.c.o
                0x10002b64                VL53L1X_ClearInterrupt
 .text.VL53L1X_GetInterruptPolarity
                0x10002b70       0x28 CMakeFiles/Robot-Car.dir/Sensor_Libs/VL53L1x/VL53L1X_api.c.o
                0x10002b70                VL53L1X_GetInterruptPolarity
 .text.VL53L1X_StartRanging
                0x10002b98        0xc CMakeFiles/Robot-Car.dir/Sensor_Libs/VL53L1x/VL53L1X_api.c.o
                0x10002b98                VL53L1X_StartRanging
 .text.VL53L1X_StopRanging
                0x10002ba4        0xc CMakeFiles/Robot-Car.dir/Sensor_Libs/VL53L1x/VL53L1X_api.c.o
                0x10002ba4                VL53L1X_StopRanging
 .text.VL53L1X_CheckForDataReady
                0x10002bb0       0x38 CMakeFiles/Robot-Car.dir/Sensor_Libs/VL53L1x/VL53L1X_api.c.o
                0x10002bb0                VL53L1X_CheckForDataReady
 .text.VL53L1X_SensorInit
                0x10002be8       0x64 CMakeFiles/Robot-Car.dir/Sensor_Libs/VL53L1x/VL53L1X_api.c.o
                0x10002be8                VL53L1X_SensorInit
 .text.VL53L1X_GetTimingBudgetInMs
                0x10002c4c       0x9c CMakeFiles/Robot-Car.dir/Sensor_Libs/VL53L1x/VL53L1X_api.c.o
                0x10002c4c                VL53L1X_GetTimingBudgetInMs
 .text.VL53L1X_GetDistanceMode
                0x10002ce8       0x30 CMakeFiles/Robot-Car.dir/Sensor_Libs/VL53L1x/VL53L1X_api.c.o
                0x10002ce8                VL53L1X_GetDistanceMode
 .text.VL53L1X_SetTimingBudgetInMs
                0x10002d18       0xf4 CMakeFiles/Robot-Car.dir/Sensor_Libs/VL53L1x/VL53L1X_api.c.o
                0x10002d18                VL53L1X_SetTimingBudgetInMs
 .text.VL53L1X_SetDistanceMode
                0x10002e0c       0xf4 CMakeFiles/Robot-Car.dir/Sensor_Libs/VL53L1x/VL53L1X_api.c.o
                0x10002e0c                VL53L1X_SetDistanceMode
 .text.VL53L1X_SetInterMeasurementInMs
                0x10002f00       0x50 CMakeFiles/Robot-Car.dir/Sensor_Libs/VL53L1x/VL53L1X_api.c.o
                0x10002f00                VL53L1X_SetInterMeasurementInMs
 .text.VL53L1X_BootState
                0x10002f50        0xc CMakeFiles/Robot-Car.dir/Sensor_Libs/VL53L1x/VL53L1X_api.c.o
                0x10002f50                VL53L1X_BootState
 .text.VL53L1X_GetResult
                0x10002f5c       0x60 CMakeFiles/Robot-Car.dir/Sensor_Libs/VL53L1x/VL53L1X_api.c.o
                0x10002f5c                VL53L1X_GetResult
 .text.Pico_I2CWrite
                0x10002fbc       0x2c CMakeFiles/Robot-Car.dir/Sensor_Libs/VL53L1x/VL53L1X_platform.c.o
 .text.Pico_I2CRead
                0x10002fe8       0x2c CMakeFiles/Robot-Car.dir/Sensor_Libs/VL53L1x/VL53L1X_platform.c.o
 .text.VL53L1X_SetI2CInstance
                0x10003014        0xc CMakeFiles/Robot-Car.dir/Sensor_Libs/VL53L1x/VL53L1X_platform.c.o
                0x10003014                VL53L1X_SetI2CInstance
 .text.VL53L1X_WriteMulti
                0x10003020       0x40 CMakeFiles/Robot-Car.dir/Sensor_Libs/VL53L1x/VL53L1X_platform.c.o
                0x10003020                VL53L1X_WriteMulti
 .text.VL53L1X_ReadMulti
                0x10003060       0x44 CMakeFiles/Robot-Car.dir/Sensor_Libs/VL53L1x/VL53L1X_platform.c.o
                0x10003060                VL53L1X_ReadMulti
 .text.VL53L1X_RdWord
                0x100030a4       0x16 CMakeFiles/Robot-Car.dir/Sensor_Libs/VL53L1x/VL53L1X_platform.c.o
                0x100030a4                VL53L1X_RdWord
 .text.VL53L1X_RdByte
                0x100030ba        0xa CMakeFiles/Robot-Car.dir/Sensor_Libs/VL53L1x/VL53L1X_platform.c.o
                0x100030ba                VL53L1X_RdByte
 .text.VL53L1X_WrByte
                0x100030c4       0x18 CMakeFiles/Robot-Car.dir/Sensor_Libs/VL53L1x/VL53L1X_platform.c.o
                0x100030c4                VL53L1X_WrByte
 .text.VL53L1X_WrWord
                0x100030dc       0x24 CMakeFiles/Robot-Car.dir/Sensor_Libs/VL53L1x/VL53L1X_platform.c.o
                0x100030dc                VL53L1X_WrWord
 .text.VL53L1X_WrDWord
                0x10003100       0x32 CMakeFiles/Robot-Car.dir/Sensor_Libs/VL53L1x/VL53L1X_platform.c.o
                0x10003100                VL53L1X_WrDWord
 .text.VL53L1X_WaitMs
                0x10003132        0xc CMakeFiles/Robot-Car.dir/Sensor_Libs/VL53L1x/VL53L1X_platform.c.o
                0x10003132                VL53L1X_WaitMs
 .text.VL53L0X_GetOffsetCalibrationDataMicroMeter
                0x1000313e        0x8 CMakeFiles/Robot-Car.dir/Sensor_Libs/VL53L0x/vl53l0x_api.c.o
                0x1000313e                VL53L0X_GetOffsetCalibrationDataMicroMeter
 .text.VL53L0X_SetDeviceAddress
                0x10003146        0xc CMakeFiles/Robot-Car.dir/Sensor_Libs/VL53L0x/vl53l0x_api.c.o
                0x10003146                VL53L0X_SetDeviceAddress
 *fill*         0x10003152        0x2 
 .text.VL53L0X_SetDeviceMode
                0x10003154       0x24 CMakeFiles/Robot-Car.dir/Sensor_Libs/VL53L0x/vl53l0x_api.c.o
                0x10003154                VL53L0X_SetDeviceMode
 .text.VL53L0X_GetDeviceMode
                0x10003178        0x8 CMakeFiles/Robot-Car.dir/Sensor_Libs/VL53L0x/vl53l0x_api.c.o
                0x10003178                VL53L0X_GetDeviceMode
 .text.VL53L0X_GetFractionEnable
                0x10003180       0x18 CMakeFiles/Robot-Car.dir/Sensor_Libs/VL53L0x/vl53l0x_api.c.o
                0x10003180                VL53L0X_GetFractionEnable
 .text.VL53L0X_SetMeasurementTimingBudgetMicroSeconds
                0x10003198        0x8 CMakeFiles/Robot-Car.dir/Sensor_Libs/VL53L0x/vl53l0x_api.c.o
                0x10003198                VL53L0X_SetMeasurementTimingBudgetMicroSeconds
 .text.VL53L0X_GetMeasurementTimingBudgetMicroSeconds
                0x100031a0        0x8 CMakeFiles/Robot-Car.dir/Sensor_Libs/VL53L0x/vl53l0x_api.c.o
                0x100031a0                VL53L0X_GetMeasurementTimingBudgetMicroSeconds
 .text.VL53L0X_GetVcselPulsePeriod
                0x100031a8        0x8 CMakeFiles/Robot-Car.dir/Sensor_Libs/VL53L0x/vl53l0x_api.c.o
                0x100031a8                VL53L0X_GetVcselPulsePeriod
 .text.VL53L0X_SetSequenceStepEnable
                0x100031b0       0xba CMakeFiles/Robot-Car.dir/Sensor_Libs/VL53L0x/vl53l0x_api.c.o
                0x100031b0                VL53L0X_SetSequenceStepEnable
 .text.sequence_step_enabled
                0x1000326a       0x48 CMakeFiles/Robot-Car.dir/Sensor_Libs/VL53L0x/vl53l0x_api.c.o
                0x1000326a                sequence_step_enabled
 .text.VL53L0X_GetSequenceStepEnables
                0x100032b2       0x84 CMakeFiles/Robot-Car.dir/Sensor_Libs/VL53L0x/vl53l0x_api.c.o
                0x100032b2                VL53L0X_GetSequenceStepEnables
 .text.VL53L0X_GetInterMeasurementPeriodMilliSeconds
                0x10003336       0x3a CMakeFiles/Robot-Car.dir/Sensor_Libs/VL53L0x/vl53l0x_api.c.o
                0x10003336                VL53L0X_GetInterMeasurementPeriodMilliSeconds
 .text.VL53L0X_GetXTalkCompensationEnable
                0x10003370        0x8 CMakeFiles/Robot-Car.dir/Sensor_Libs/VL53L0x/vl53l0x_api.c.o
                0x10003370                VL53L0X_GetXTalkCompensationEnable
 .text.VL53L0X_GetXTalkCompensationRateMegaCps
                0x10003378       0x32 CMakeFiles/Robot-Car.dir/Sensor_Libs/VL53L0x/vl53l0x_api.c.o
                0x10003378                VL53L0X_GetXTalkCompensationRateMegaCps
 .text.VL53L0X_SetLimitCheckEnable
                0x100033aa       0x96 CMakeFiles/Robot-Car.dir/Sensor_Libs/VL53L0x/vl53l0x_api.c.o
                0x100033aa                VL53L0X_SetLimitCheckEnable
 .text.VL53L0X_GetLimitCheckEnable
                0x10003440       0x1a CMakeFiles/Robot-Car.dir/Sensor_Libs/VL53L0x/vl53l0x_api.c.o
                0x10003440                VL53L0X_GetLimitCheckEnable
 .text.VL53L0X_SetLimitCheckValue
                0x1000345a       0x66 CMakeFiles/Robot-Car.dir/Sensor_Libs/VL53L0x/vl53l0x_api.c.o
                0x1000345a                VL53L0X_SetLimitCheckValue
 .text.VL53L0X_GetLimitCheckValue
                0x100034c0       0x9e CMakeFiles/Robot-Car.dir/Sensor_Libs/VL53L0x/vl53l0x_api.c.o
                0x100034c0                VL53L0X_GetLimitCheckValue
 .text.VL53L0X_GetWrapAroundCheckEnable
                0x1000355e       0x36 CMakeFiles/Robot-Car.dir/Sensor_Libs/VL53L0x/vl53l0x_api.c.o
                0x1000355e                VL53L0X_GetWrapAroundCheckEnable
 .text.VL53L0X_GetDeviceParameters
                0x10003594       0xda CMakeFiles/Robot-Car.dir/Sensor_Libs/VL53L0x/vl53l0x_api.c.o
                0x10003594                VL53L0X_GetDeviceParameters
 *fill*         0x1000366e        0x2 
 .text.VL53L0X_DataInit
                0x10003670      0x200 CMakeFiles/Robot-Car.dir/Sensor_Libs/VL53L0x/vl53l0x_api.c.o
                0x10003670                VL53L0X_DataInit
 .text.VL53L0X_PerformRefCalibration
                0x10003870        0xa CMakeFiles/Robot-Car.dir/Sensor_Libs/VL53L0x/vl53l0x_api.c.o
                0x10003870                VL53L0X_PerformRefCalibration
 *fill*         0x1000387a        0x2 
 .text.VL53L0X_GetRangingMeasurementData
                0x1000387c      0x15c CMakeFiles/Robot-Car.dir/Sensor_Libs/VL53L0x/vl53l0x_api.c.o
                0x1000387c                VL53L0X_GetRangingMeasurementData
 .text.VL53L0X_GetInterruptThresholds
                0x100039d8       0x44 CMakeFiles/Robot-Car.dir/Sensor_Libs/VL53L0x/vl53l0x_api.c.o
                0x100039d8                VL53L0X_GetInterruptThresholds
 .text.VL53L0X_CheckAndLoadInterruptSettings
                0x10003a1c      0x13c CMakeFiles/Robot-Car.dir/Sensor_Libs/VL53L0x/vl53l0x_api.c.o
                0x10003a1c                VL53L0X_CheckAndLoadInterruptSettings
 .text.VL53L0X_StartMeasurement
                0x10003b58       0xf6 CMakeFiles/Robot-Car.dir/Sensor_Libs/VL53L0x/vl53l0x_api.c.o
                0x10003b58                VL53L0X_StartMeasurement
 .text.VL53L0X_PerformSingleMeasurement
                0x10003c4e       0x3e CMakeFiles/Robot-Car.dir/Sensor_Libs/VL53L0x/vl53l0x_api.c.o
                0x10003c4e                VL53L0X_PerformSingleMeasurement
 .text.VL53L0X_ClearInterruptMask
                0x10003c8c       0x56 CMakeFiles/Robot-Car.dir/Sensor_Libs/VL53L0x/vl53l0x_api.c.o
                0x10003c8c                VL53L0X_ClearInterruptMask
 .text.VL53L0X_PerformSingleRangingMeasurement
                0x10003ce2       0x3a CMakeFiles/Robot-Car.dir/Sensor_Libs/VL53L0x/vl53l0x_api.c.o
                0x10003ce2                VL53L0X_PerformSingleRangingMeasurement
 .text.VL53L0X_SetGpioConfig
                0x10003d1c      0x144 CMakeFiles/Robot-Car.dir/Sensor_Libs/VL53L0x/vl53l0x_api.c.o
                0x10003d1c                VL53L0X_SetGpioConfig
 .text.VL53L0X_StaticInit
                0x10003e60      0x184 CMakeFiles/Robot-Car.dir/Sensor_Libs/VL53L0x/vl53l0x_api.c.o
                0x10003e60                VL53L0X_StaticInit
 .text.VL53L0X_GetInterruptMaskStatus
                0x10003fe4       0x2a CMakeFiles/Robot-Car.dir/Sensor_Libs/VL53L0x/vl53l0x_api.c.o
                0x10003fe4                VL53L0X_GetInterruptMaskStatus
 .text.VL53L0X_GetMeasurementDataReady
                0x1000400e       0x4a CMakeFiles/Robot-Car.dir/Sensor_Libs/VL53L0x/vl53l0x_api.c.o
                0x1000400e                VL53L0X_GetMeasurementDataReady
 .text.VL53L0X_PerformRefSpadManagement
                0x10004058        0x8 CMakeFiles/Robot-Car.dir/Sensor_Libs/VL53L0x/vl53l0x_api.c.o
                0x10004058                VL53L0X_PerformRefSpadManagement
 .text.VL53L0X_get_offset_calibration_data_micro_meter
                0x10004060       0x3e CMakeFiles/Robot-Car.dir/Sensor_Libs/VL53L0x/vl53l0x_api_calibration.c.o
                0x10004060                VL53L0X_get_offset_calibration_data_micro_meter
 .text.get_next_good_spad
                0x1000409e       0x56 CMakeFiles/Robot-Car.dir/Sensor_Libs/VL53L0x/vl53l0x_api_calibration.c.o
                0x1000409e                get_next_good_spad
 .text.is_aperture
                0x100040f4       0x18 CMakeFiles/Robot-Car.dir/Sensor_Libs/VL53L0x/vl53l0x_api_calibration.c.o
                0x100040f4                is_aperture
 .text.enable_spad_bit
                0x1000410c       0x2c CMakeFiles/Robot-Car.dir/Sensor_Libs/VL53L0x/vl53l0x_api_calibration.c.o
                0x1000410c                enable_spad_bit
 .text.set_ref_spad_map
                0x10004138        0xe CMakeFiles/Robot-Car.dir/Sensor_Libs/VL53L0x/vl53l0x_api_calibration.c.o
                0x10004138                set_ref_spad_map
 .text.get_ref_spad_map
                0x10004146        0xe CMakeFiles/Robot-Car.dir/Sensor_Libs/VL53L0x/vl53l0x_api_calibration.c.o
                0x10004146                get_ref_spad_map
 .text.enable_ref_spads
                0x10004154       0xa2 CMakeFiles/Robot-Car.dir/Sensor_Libs/VL53L0x/vl53l0x_api_calibration.c.o
                0x10004154                enable_ref_spads
 .text.perform_ref_signal_measurement
                0x100041f6       0x72 CMakeFiles/Robot-Car.dir/Sensor_Libs/VL53L0x/vl53l0x_api_calibration.c.o
                0x100041f6                perform_ref_signal_measurement
 .text.VL53L0X_set_reference_spads
                0x10004268       0xae CMakeFiles/Robot-Car.dir/Sensor_Libs/VL53L0x/vl53l0x_api_calibration.c.o
                0x10004268                VL53L0X_set_reference_spads
 .text.VL53L0X_perform_single_ref_calibration
                0x10004316       0x3e CMakeFiles/Robot-Car.dir/Sensor_Libs/VL53L0x/vl53l0x_api_calibration.c.o
                0x10004316                VL53L0X_perform_single_ref_calibration
 .text.VL53L0X_ref_calibration_io
                0x10004354       0xde CMakeFiles/Robot-Car.dir/Sensor_Libs/VL53L0x/vl53l0x_api_calibration.c.o
                0x10004354                VL53L0X_ref_calibration_io
 .text.VL53L0X_perform_vhv_calibration
                0x10004432       0x84 CMakeFiles/Robot-Car.dir/Sensor_Libs/VL53L0x/vl53l0x_api_calibration.c.o
                0x10004432                VL53L0X_perform_vhv_calibration
 .text.VL53L0X_perform_phase_calibration
                0x100044b6       0x7e CMakeFiles/Robot-Car.dir/Sensor_Libs/VL53L0x/vl53l0x_api_calibration.c.o
                0x100044b6                VL53L0X_perform_phase_calibration
 .text.VL53L0X_perform_ref_calibration
                0x10004534       0x3c CMakeFiles/Robot-Car.dir/Sensor_Libs/VL53L0x/vl53l0x_api_calibration.c.o
                0x10004534                VL53L0X_perform_ref_calibration
 .text.VL53L0X_perform_ref_spad_management
                0x10004570      0x2cc CMakeFiles/Robot-Car.dir/Sensor_Libs/VL53L0x/vl53l0x_api_calibration.c.o
                0x10004570                VL53L0X_perform_ref_spad_management
 .text.VL53L0X_WriteMulti
                0x1000483c       0x5a CMakeFiles/Robot-Car.dir/Sensor_Libs/VL53L0x/vl53l0x_platform.c.o
                0x1000483c                VL53L0X_WriteMulti
 .text.VL53L0X_ReadMulti
                0x10004896       0x5a CMakeFiles/Robot-Car.dir/Sensor_Libs/VL53L0x/vl53l0x_platform.c.o
                0x10004896                VL53L0X_ReadMulti
 .text.VL53L0X_WrByte
                0x100048f0       0x18 CMakeFiles/Robot-Car.dir/Sensor_Libs/VL53L0x/vl53l0x_platform.c.o
                0x100048f0                VL53L0X_WrByte
 .text.VL53L0X_WrWord
                0x10004908       0x1c CMakeFiles/Robot-Car.dir/Sensor_Libs/VL53L0x/vl53l0x_platform.c.o
                0x10004908                VL53L0X_WrWord
 .text.VL53L0X_RdByte
                0x10004924        0xa CMakeFiles/Robot-Car.dir/Sensor_Libs/VL53L0x/vl53l0x_platform.c.o
                0x10004924                VL53L0X_RdByte
 .text.VL53L0X_RdWord
                0x1000492e       0x20 CMakeFiles/Robot-Car.dir/Sensor_Libs/VL53L0x/vl53l0x_platform.c.o
                0x1000492e                VL53L0X_RdWord
 .text.VL53L0X_RdDWord
                0x1000494e       0x32 CMakeFiles/Robot-Car.dir/Sensor_Libs/VL53L0x/vl53l0x_platform.c.o
                0x1000494e                VL53L0X_RdDWord
 .text.VL53L0X_UpdateByte
                0x10004980       0x32 CMakeFiles/Robot-Car.dir/Sensor_Libs/VL53L0x/vl53l0x_platform.c.o
                0x10004980                VL53L0X_UpdateByte
 .text.VL53L0X_PollingDelay
                0x100049b2        0xc CMakeFiles/Robot-Car.dir/Sensor_Libs/VL53L0x/vl53l0x_platform.c.o
                0x100049b2                VL53L0X_PollingDelay
 .text.VL53L0X_measurement_poll_for_completion
                0x100049be       0x3c CMakeFiles/Robot-Car.dir/Sensor_Libs/VL53L0x/vl53l0x_api_core.c.o
                0x100049be                VL53L0X_measurement_poll_for_completion
 .text.VL53L0X_decode_vcsel_period
                0x100049fa        0xc CMakeFiles/Robot-Car.dir/Sensor_Libs/VL53L0x/vl53l0x_api_core.c.o
                0x100049fa                VL53L0X_decode_vcsel_period
 .text.VL53L0X_isqrt
                0x10004a06       0x28 CMakeFiles/Robot-Car.dir/Sensor_Libs/VL53L0x/vl53l0x_api_core.c.o
                0x10004a06                VL53L0X_isqrt
 .text.VL53L0X_device_read_strobe
                0x10004a2e       0x4e CMakeFiles/Robot-Car.dir/Sensor_Libs/VL53L0x/vl53l0x_api_core.c.o
                0x10004a2e                VL53L0X_device_read_strobe
 .text.VL53L0X_get_info_from_device
                0x10004a7c      0x58a CMakeFiles/Robot-Car.dir/Sensor_Libs/VL53L0x/vl53l0x_api_core.c.o
                0x10004a7c                VL53L0X_get_info_from_device
 *fill*         0x10005006        0x2 
 .text.VL53L0X_calc_macro_period_ps
                0x10005008        0xc CMakeFiles/Robot-Car.dir/Sensor_Libs/VL53L0x/vl53l0x_api_core.c.o
                0x10005008                VL53L0X_calc_macro_period_ps
 .text.VL53L0X_encode_timeout
                0x10005014       0x22 CMakeFiles/Robot-Car.dir/Sensor_Libs/VL53L0x/vl53l0x_api_core.c.o
                0x10005014                VL53L0X_encode_timeout
 .text.VL53L0X_decode_timeout
                0x10005036        0xc CMakeFiles/Robot-Car.dir/Sensor_Libs/VL53L0x/vl53l0x_api_core.c.o
                0x10005036                VL53L0X_decode_timeout
 *fill*         0x10005042        0x2 
 .text.VL53L0X_calc_timeout_mclks
                0x10005044       0x2c CMakeFiles/Robot-Car.dir/Sensor_Libs/VL53L0x/vl53l0x_api_core.c.o
                0x10005044                VL53L0X_calc_timeout_mclks
 .text.VL53L0X_calc_timeout_us
                0x10005070       0x2c CMakeFiles/Robot-Car.dir/Sensor_Libs/VL53L0x/vl53l0x_api_core.c.o
                0x10005070                VL53L0X_calc_timeout_us
 .text.get_sequence_step_timeout
                0x1000509c      0x120 CMakeFiles/Robot-Car.dir/Sensor_Libs/VL53L0x/vl53l0x_api_core.c.o
                0x1000509c                get_sequence_step_timeout
 .text.set_sequence_step_timeout
                0x100051bc      0x110 CMakeFiles/Robot-Car.dir/Sensor_Libs/VL53L0x/vl53l0x_api_core.c.o
                0x100051bc                set_sequence_step_timeout
 .text.VL53L0X_get_vcsel_pulse_period
                0x100052cc       0x3e CMakeFiles/Robot-Car.dir/Sensor_Libs/VL53L0x/vl53l0x_api_core.c.o
                0x100052cc                VL53L0X_get_vcsel_pulse_period
 .text.VL53L0X_set_measurement_timing_budget_micro_seconds
                0x1000530a       0xd8 CMakeFiles/Robot-Car.dir/Sensor_Libs/VL53L0x/vl53l0x_api_core.c.o
                0x1000530a                VL53L0X_set_measurement_timing_budget_micro_seconds
 .text.VL53L0X_get_measurement_timing_budget_micro_seconds
                0x100053e2       0xce CMakeFiles/Robot-Car.dir/Sensor_Libs/VL53L0x/vl53l0x_api_core.c.o
                0x100053e2                VL53L0X_get_measurement_timing_budget_micro_seconds
 .text.VL53L0X_load_tuning_settings
                0x100054b0       0xae CMakeFiles/Robot-Car.dir/Sensor_Libs/VL53L0x/vl53l0x_api_core.c.o
                0x100054b0                VL53L0X_load_tuning_settings
 .text.VL53L0X_get_total_xtalk_rate
                0x1000555e       0x30 CMakeFiles/Robot-Car.dir/Sensor_Libs/VL53L0x/vl53l0x_api_core.c.o
                0x1000555e                VL53L0X_get_total_xtalk_rate
 .text.VL53L0X_get_total_signal_rate
                0x1000558e       0x1e CMakeFiles/Robot-Car.dir/Sensor_Libs/VL53L0x/vl53l0x_api_core.c.o
                0x1000558e                VL53L0X_get_total_signal_rate
 .text.get_dmax_lut_points
                0x100055ac       0x4c CMakeFiles/Robot-Car.dir/Sensor_Libs/VL53L0x/vl53l0x_api_core.c.o
                0x100055ac                get_dmax_lut_points
 .text.VL53L0X_calc_dmax
                0x100055f8       0xc6 CMakeFiles/Robot-Car.dir/Sensor_Libs/VL53L0x/vl53l0x_api_core.c.o
                0x100055f8                VL53L0X_calc_dmax
 *fill*         0x100056be        0x2 
 .text.VL53L0X_calc_sigma_estimate
                0x100056c0      0x230 CMakeFiles/Robot-Car.dir/Sensor_Libs/VL53L0x/vl53l0x_api_core.c.o
                0x100056c0                VL53L0X_calc_sigma_estimate
 .text.VL53L0X_get_pal_range_status
                0x100058f0      0x25c CMakeFiles/Robot-Car.dir/Sensor_Libs/VL53L0x/vl53l0x_api_core.c.o
                0x100058f0                VL53L0X_get_pal_range_status
 .text._gpio_set_irq_enabled
                0x10005b4c       0x38 CMakeFiles/Robot-Car.dir/home/rennerra/.pico-sdk/sdk/2.2.0/src/rp2_common/hardware_gpio/gpio.c.o
 .text.gpio_set_function
                0x10005b84       0x38 CMakeFiles/Robot-Car.dir/home/rennerra/.pico-sdk/sdk/2.2.0/src/rp2_common/hardware_gpio/gpio.c.o
                0x10005b84                gpio_set_function
 .text.gpio_set_pulls
                0x10005bbc       0x38 CMakeFiles/Robot-Car.dir/home/rennerra/.pico-sdk/sdk/2.2.0/src/rp2_common/hardware_gpio/gpio.c.o
                0x10005bbc                gpio_set_pulls
 .text.gpio_set_irq_enabled
                0x10005bf4       0x50 CMakeFiles/Robot-Car.dir/home/rennerra/.pico-sdk/sdk/2.2.0/src/rp2_common/hardware_gpio/gpio.c.o
                0x10005bf4                gpio_set_irq_enabled
 .text.gpio_add_raw_irq_handler_with_order_priority_masked
                0x10005c44       0x40 CMakeFiles/Robot-Car.dir/home/rennerra/.pico-sdk/sdk/2.2.0/src/rp2_common/hardware_gpio/gpio.c.o
                0x10005c44                gpio_add_raw_irq_handler_with_order_priority_masked
 .text.gpio_remove_raw_irq_handler_masked
                0x10005c84       0x4c CMakeFiles/Robot-Car.dir/home/rennerra/.pico-sdk/sdk/2.2.0/src/rp2_common/hardware_gpio/gpio.c.o
                0x10005c84                gpio_remove_raw_irq_handler_masked
 .text.gpio_set_input_enabled
                0x10005cd0       0x28 CMakeFiles/Robot-Car.dir/home/rennerra/.pico-sdk/sdk/2.2.0/src/rp2_common/hardware_gpio/gpio.c.o
                0x10005cd0                gpio_set_input_enabled
 .text.gpio_init
                0x10005cf8       0x16 CMakeFiles/Robot-Car.dir/home/rennerra/.pico-sdk/sdk/2.2.0/src/rp2_common/hardware_gpio/gpio.c.o
                0x10005cf8                gpio_init
 *fill*         0x10005d0e        0x2 
 .text.panic    0x10005d10       0x30 CMakeFiles/Robot-Car.dir/home/rennerra/.pico-sdk/sdk/2.2.0/src/rp2_common/pico_platform_panic/panic.c.o
                0x10005d10                panic
 .text.hw_claim_lock
                0x10005d40       0x24 CMakeFiles/Robot-Car.dir/home/rennerra/.pico-sdk/sdk/2.2.0/src/common/hardware_claim/claim.c.o
                0x10005d40                hw_claim_lock
 .text.hw_claim_unlock
                0x10005d64       0x14 CMakeFiles/Robot-Car.dir/home/rennerra/.pico-sdk/sdk/2.2.0/src/common/hardware_claim/claim.c.o
                0x10005d64                hw_claim_unlock
 .text.hw_claim_or_assert
                0x10005d78       0x32 CMakeFiles/Robot-Car.dir/home/rennerra/.pico-sdk/sdk/2.2.0/src/common/hardware_claim/claim.c.o
                0x10005d78                hw_claim_or_assert
 .text.hw_claim_unused_from_range
                0x10005daa       0x4e CMakeFiles/Robot-Car.dir/home/rennerra/.pico-sdk/sdk/2.2.0/src/common/hardware_claim/claim.c.o
                0x10005daa                hw_claim_unused_from_range
 .text.hw_claim_clear
                0x10005df8       0x40 CMakeFiles/Robot-Car.dir/home/rennerra/.pico-sdk/sdk/2.2.0/src/common/hardware_claim/claim.c.o
                0x10005df8                hw_claim_clear
 .text.next_striped_spin_lock_num
                0x10005e38       0x1c CMakeFiles/Robot-Car.dir/home/rennerra/.pico-sdk/sdk/2.2.0/src/rp2_common/hardware_sync/sync.c.o
                0x10005e38                next_striped_spin_lock_num
 .text.spin_lock_claim_unused
                0x10005e54       0x24 CMakeFiles/Robot-Car.dir/home/rennerra/.pico-sdk/sdk/2.2.0/src/rp2_common/hardware_sync/sync.c.o
                0x10005e54                spin_lock_claim_unused
 .text.spinlock_set_extexclall
                0x10005e78        0xe CMakeFiles/Robot-Car.dir/home/rennerra/.pico-sdk/sdk/2.2.0/src/rp2_common/hardware_sync_spin_lock/sync_spin_lock.c.o
 *fill*         0x10005e86        0x2 
 .text.spin_locks_reset
                0x10005e88       0x1c CMakeFiles/Robot-Car.dir/home/rennerra/.pico-sdk/sdk/2.2.0/src/rp2_common/hardware_sync_spin_lock/sync_spin_lock.c.o
                0x10005e88                spin_locks_reset
 .text.set_raw_irq_handler_and_unlock
                0x10005ea4       0x24 CMakeFiles/Robot-Car.dir/home/rennerra/.pico-sdk/sdk/2.2.0/src/rp2_common/hardware_irq/irq.c.o
 .text.nvic_ipr0
                0x10005ec8        0x8 CMakeFiles/Robot-Car.dir/home/rennerra/.pico-sdk/sdk/2.2.0/src/rp2_common/hardware_irq/irq.c.o
 .text.runtime_init_per_core_irq_priorities
                0x10005ed0       0x1c CMakeFiles/Robot-Car.dir/home/rennerra/.pico-sdk/sdk/2.2.0/src/rp2_common/hardware_irq/irq.c.o
                0x10005ed0                runtime_init_per_core_irq_priorities
 .text.get_user_irq_claim_index
                0x10005eec        0x6 CMakeFiles/Robot-Car.dir/home/rennerra/.pico-sdk/sdk/2.2.0/src/rp2_common/hardware_irq/irq.c.o
 *fill*         0x10005ef2        0x2 
 .text.resolve_j_16
                0x10005ef4       0x40 CMakeFiles/Robot-Car.dir/home/rennerra/.pico-sdk/sdk/2.2.0/src/rp2_common/hardware_irq/irq.c.o
 .text.make_j_16
                0x10005f34       0x3c CMakeFiles/Robot-Car.dir/home/rennerra/.pico-sdk/sdk/2.2.0/src/rp2_common/hardware_irq/irq.c.o
 .text.insert_bl_32
                0x10005f70       0x3c CMakeFiles/Robot-Car.dir/home/rennerra/.pico-sdk/sdk/2.2.0/src/rp2_common/hardware_irq/irq.c.o
 .text.irq_is_enabled
                0x10005fac       0x20 CMakeFiles/Robot-Car.dir/home/rennerra/.pico-sdk/sdk/2.2.0/src/rp2_common/hardware_irq/irq.c.o
                0x10005fac                irq_is_enabled
 .text.irq_set_mask_n_enabled
                0x10005fcc       0x20 CMakeFiles/Robot-Car.dir/home/rennerra/.pico-sdk/sdk/2.2.0/src/rp2_common/hardware_irq/irq.c.o
                0x10005fcc                irq_set_mask_n_enabled
 .text.irq_set_enabled
                0x10005fec       0x14 CMakeFiles/Robot-Car.dir/home/rennerra/.pico-sdk/sdk/2.2.0/src/rp2_common/hardware_irq/irq.c.o
                0x10005fec                irq_set_enabled
 .text.irq_set_pending
                0x10006000       0x18 CMakeFiles/Robot-Car.dir/home/rennerra/.pico-sdk/sdk/2.2.0/src/rp2_common/hardware_irq/irq.c.o
                0x10006000                irq_set_pending
 .text.irq_get_vtable_handler
                0x10006018       0x10 CMakeFiles/Robot-Car.dir/home/rennerra/.pico-sdk/sdk/2.2.0/src/rp2_common/hardware_irq/irq.c.o
                0x10006018                irq_get_vtable_handler
 .text.irq_has_shared_handler
                0x10006028       0x18 CMakeFiles/Robot-Car.dir/home/rennerra/.pico-sdk/sdk/2.2.0/src/rp2_common/hardware_irq/irq.c.o
                0x10006028                irq_has_shared_handler
 .text.irq_has_handler
                0x10006040       0x20 CMakeFiles/Robot-Car.dir/home/rennerra/.pico-sdk/sdk/2.2.0/src/rp2_common/hardware_irq/irq.c.o
                0x10006040                irq_has_handler
 .text.irq_set_exclusive_handler
                0x10006060       0x60 CMakeFiles/Robot-Car.dir/home/rennerra/.pico-sdk/sdk/2.2.0/src/rp2_common/hardware_irq/irq.c.o
                0x10006060                irq_set_exclusive_handler
 .text.irq_add_shared_handler
                0x100060c0      0x234 CMakeFiles/Robot-Car.dir/home/rennerra/.pico-sdk/sdk/2.2.0/src/rp2_common/hardware_irq/irq.c.o
                0x100060c0                irq_add_shared_handler
 .text.irq_remove_handler
                0x100062f4      0x178 CMakeFiles/Robot-Car.dir/home/rennerra/.pico-sdk/sdk/2.2.0/src/rp2_common/hardware_irq/irq.c.o
                0x100062f4                irq_remove_handler
 .text.irq_set_priority
                0x1000646c       0x2a CMakeFiles/Robot-Car.dir/home/rennerra/.pico-sdk/sdk/2.2.0/src/rp2_common/hardware_irq/irq.c.o
                0x1000646c                irq_set_priority
 *fill*         0x10006496        0x2 
 .text.irq_add_tail_to_free_list
                0x10006498       0xf8 CMakeFiles/Robot-Car.dir/home/rennerra/.pico-sdk/sdk/2.2.0/src/rp2_common/hardware_irq/irq.c.o
                0x10006498                irq_add_tail_to_free_list
 .text.user_irq_unclaim
                0x10006590       0x14 CMakeFiles/Robot-Car.dir/home/rennerra/.pico-sdk/sdk/2.2.0/src/rp2_common/hardware_irq/irq.c.o
                0x10006590                user_irq_unclaim
 .text.user_irq_claim_unused
                0x100065a4       0x2c CMakeFiles/Robot-Car.dir/home/rennerra/.pico-sdk/sdk/2.2.0/src/rp2_common/hardware_irq/irq.c.o
                0x100065a4                user_irq_claim_unused
 .text.sem_init
                0x100065d0       0x1e CMakeFiles/Robot-Car.dir/home/rennerra/.pico-sdk/sdk/2.2.0/src/common/pico_sync/sem.c.o
                0x100065d0                sem_init
 *fill*         0x100065ee        0x2 
 .text.lock_init
                0x100065f0        0xc CMakeFiles/Robot-Car.dir/home/rennerra/.pico-sdk/sdk/2.2.0/src/common/pico_sync/lock_core.c.o
                0x100065f0                lock_init
 .text.mutex_init
                0x100065fc       0x1a CMakeFiles/Robot-Car.dir/home/rennerra/.pico-sdk/sdk/2.2.0/src/common/pico_sync/mutex.c.o
                0x100065fc                mutex_init
 .text.recursive_mutex_init
                0x10006616       0x1e CMakeFiles/Robot-Car.dir/home/rennerra/.pico-sdk/sdk/2.2.0/src/common/pico_sync/mutex.c.o
                0x10006616                recursive_mutex_init
 .text.runtime_init_mutex
                0x10006634       0x4c CMakeFiles/Robot-Car.dir/home/rennerra/.pico-sdk/sdk/2.2.0/src/common/pico_sync/mutex.c.o
                0x10006634                runtime_init_mutex
 .text.critical_section_init_with_lock_num
                0x10006680       0x10 CMakeFiles/Robot-Car.dir/home/rennerra/.pico-sdk/sdk/2.2.0/src/common/pico_sync/critical_section.c.o
                0x10006680                critical_section_init_with_lock_num
 .text.critical_section_init
                0x10006690       0x14 CMakeFiles/Robot-Car.dir/home/rennerra/.pico-sdk/sdk/2.2.0/src/common/pico_sync/critical_section.c.o
                0x10006690                critical_section_init
 .text.ta_from_current_irq
                0x100066a4       0x24 CMakeFiles/Robot-Car.dir/home/rennerra/.pico-sdk/sdk/2.2.0/src/common/pico_time/time.c.o
 .text.ta_set_timeout
                0x100066c8       0x2a CMakeFiles/Robot-Car.dir/home/rennerra/.pico-sdk/sdk/2.2.0/src/common/pico_time/time.c.o
 .text.make_alarm_id
                0x100066f2        0x6 CMakeFiles/Robot-Car.dir/home/rennerra/.pico-sdk/sdk/2.2.0/src/common/pico_time/time.c.o
 .text.sleep_until_callback
                0x100066f8       0x3c CMakeFiles/Robot-Car.dir/home/rennerra/.pico-sdk/sdk/2.2.0/src/common/pico_time/time.c.o
 .text.alarm_pool_irq_handler
                0x10006734      0x2ec CMakeFiles/Robot-Car.dir/home/rennerra/.pico-sdk/sdk/2.2.0/src/common/pico_time/time.c.o
 .text.ta_enable_irq_handler
                0x10006a20       0x38 CMakeFiles/Robot-Car.dir/home/rennerra/.pico-sdk/sdk/2.2.0/src/common/pico_time/time.c.o
 .text.alarm_pool_post_alloc_init
                0x10006a58       0x7c CMakeFiles/Robot-Car.dir/home/rennerra/.pico-sdk/sdk/2.2.0/src/common/pico_time/time.c.o
 .text.ta_disable_irq_handler
                0x10006ad4       0x40 CMakeFiles/Robot-Car.dir/home/rennerra/.pico-sdk/sdk/2.2.0/src/common/pico_time/time.c.o
 .text.alarm_pool_get_default
                0x10006b14       0x28 CMakeFiles/Robot-Car.dir/home/rennerra/.pico-sdk/sdk/2.2.0/src/common/pico_time/time.c.o
                0x10006b14                alarm_pool_get_default
 .text.alarm_pool_create_on_timer_with_unused_hardware_alarm
                0x10006b3c       0x32 CMakeFiles/Robot-Car.dir/home/rennerra/.pico-sdk/sdk/2.2.0/src/common/pico_time/time.c.o
                0x10006b3c                alarm_pool_create_on_timer_with_unused_hardware_alarm
 *fill*         0x10006b6e        0x2 
 .text.alarm_pool_destroy
                0x10006b70       0x88 CMakeFiles/Robot-Car.dir/home/rennerra/.pico-sdk/sdk/2.2.0/src/common/pico_time/time.c.o
                0x10006b70                alarm_pool_destroy
 .text.alarm_pool_add_alarm_at_force_in_context
                0x10006bf8       0xc0 CMakeFiles/Robot-Car.dir/home/rennerra/.pico-sdk/sdk/2.2.0/src/common/pico_time/time.c.o
                0x10006bf8                alarm_pool_add_alarm_at_force_in_context
 .text.alarm_pool_add_alarm_at
                0x10006cb8       0x38 CMakeFiles/Robot-Car.dir/home/rennerra/.pico-sdk/sdk/2.2.0/src/common/pico_time/time.c.o
                0x10006cb8                alarm_pool_add_alarm_at
 .text.add_alarm_at
                0x10006cf0       0x26 CMakeFiles/Robot-Car.dir/home/rennerra/.pico-sdk/sdk/2.2.0/src/common/pico_time/time.c.o
 .text.alarm_pool_cancel_alarm
                0x10006d16       0x72 CMakeFiles/Robot-Car.dir/home/rennerra/.pico-sdk/sdk/2.2.0/src/common/pico_time/time.c.o
                0x10006d16                alarm_pool_cancel_alarm
 .text.cancel_alarm
                0x10006d88       0x10 CMakeFiles/Robot-Car.dir/home/rennerra/.pico-sdk/sdk/2.2.0/src/common/pico_time/time.c.o
 .text.alarm_pool_core_num
                0x10006d98        0x4 CMakeFiles/Robot-Car.dir/home/rennerra/.pico-sdk/sdk/2.2.0/src/common/pico_time/time.c.o
                0x10006d98                alarm_pool_core_num
 .text.sleep_until
                0x10006d9c       0xb4 CMakeFiles/Robot-Car.dir/home/rennerra/.pico-sdk/sdk/2.2.0/src/common/pico_time/time.c.o
                0x10006d9c                sleep_until
 .text.sleep_us
                0x10006e50       0x24 CMakeFiles/Robot-Car.dir/home/rennerra/.pico-sdk/sdk/2.2.0/src/common/pico_time/time.c.o
                0x10006e50                sleep_us
 .text.sleep_ms
                0x10006e74       0x28 CMakeFiles/Robot-Car.dir/home/rennerra/.pico-sdk/sdk/2.2.0/src/common/pico_time/time.c.o
                0x10006e74                sleep_ms
 .text.best_effort_wfe_or_timeout
                0x10006e9c       0xfc CMakeFiles/Robot-Car.dir/home/rennerra/.pico-sdk/sdk/2.2.0/src/common/pico_time/time.c.o
                0x10006e9c                best_effort_wfe_or_timeout
 .text.alarm_pool_add_repeating_timer_us
                0x10006f98       0x6c CMakeFiles/Robot-Car.dir/home/rennerra/.pico-sdk/sdk/2.2.0/src/common/pico_time/time.c.o
                0x10006f98                alarm_pool_add_repeating_timer_us
 .text.alarm_pool_get_default_timer
                0x10007004        0x8 CMakeFiles/Robot-Car.dir/home/rennerra/.pico-sdk/sdk/2.2.0/src/common/pico_time/time.c.o
                0x10007004                alarm_pool_get_default_timer
 .text.runtime_init_default_alarm_pool
                0x1000700c       0x34 CMakeFiles/Robot-Car.dir/home/rennerra/.pico-sdk/sdk/2.2.0/src/common/pico_time/time.c.o
                0x1000700c                runtime_init_default_alarm_pool
 .text.timer_hardware_alarm_claim
                0x10007040       0x24 CMakeFiles/Robot-Car.dir/home/rennerra/.pico-sdk/sdk/2.2.0/src/rp2_common/hardware_timer/timer.c.o
                0x10007040                timer_hardware_alarm_claim
 .text.timer_hardware_alarm_unclaim
                0x10007064       0x1c CMakeFiles/Robot-Car.dir/home/rennerra/.pico-sdk/sdk/2.2.0/src/rp2_common/hardware_timer/timer.c.o
                0x10007064                timer_hardware_alarm_unclaim
 .text.timer_hardware_alarm_claim_unused
                0x10007080       0x2c CMakeFiles/Robot-Car.dir/home/rennerra/.pico-sdk/sdk/2.2.0/src/rp2_common/hardware_timer/timer.c.o
                0x10007080                timer_hardware_alarm_claim_unused
 .text.timer_time_us_64
                0x100070ac       0x10 CMakeFiles/Robot-Car.dir/home/rennerra/.pico-sdk/sdk/2.2.0/src/rp2_common/hardware_timer/timer.c.o
                0x100070ac                timer_time_us_64
 .text.timer_busy_wait_until
                0x100070bc       0x1a CMakeFiles/Robot-Car.dir/home/rennerra/.pico-sdk/sdk/2.2.0/src/rp2_common/hardware_timer/timer.c.o
                0x100070bc                timer_busy_wait_until
 .text.timer_busy_wait_us
                0x100070d6       0x28 CMakeFiles/Robot-Car.dir/home/rennerra/.pico-sdk/sdk/2.2.0/src/rp2_common/hardware_timer/timer.c.o
                0x100070d6                timer_busy_wait_us
 *fill*         0x100070fe        0x2 
 .text.time_us_64
                0x10007100       0x10 CMakeFiles/Robot-Car.dir/home/rennerra/.pico-sdk/sdk/2.2.0/src/rp2_common/hardware_timer/timer.c.o
                0x10007100                time_us_64
 .text.busy_wait_us
                0x10007110       0x14 CMakeFiles/Robot-Car.dir/home/rennerra/.pico-sdk/sdk/2.2.0/src/rp2_common/hardware_timer/timer.c.o
                0x10007110                busy_wait_us
 .text.busy_wait_until
                0x10007124       0x14 CMakeFiles/Robot-Car.dir/home/rennerra/.pico-sdk/sdk/2.2.0/src/rp2_common/hardware_timer/timer.c.o
                0x10007124                busy_wait_until
 .text.uart_unreset
                0x10007138       0x2c CMakeFiles/Robot-Car.dir/home/rennerra/.pico-sdk/sdk/2.2.0/src/rp2_common/hardware_uart/uart.c.o
 .text.uart_disable_before_lcr_write
                0x10007164       0x40 CMakeFiles/Robot-Car.dir/home/rennerra/.pico-sdk/sdk/2.2.0/src/rp2_common/hardware_uart/uart.c.o
 .text.uart_write_lcr_bits_masked
                0x100071a4       0x1c CMakeFiles/Robot-Car.dir/home/rennerra/.pico-sdk/sdk/2.2.0/src/rp2_common/hardware_uart/uart.c.o
 .text.uart_set_baudrate
                0x100071c0       0x52 CMakeFiles/Robot-Car.dir/home/rennerra/.pico-sdk/sdk/2.2.0/src/rp2_common/hardware_uart/uart.c.o
                0x100071c0                uart_set_baudrate
 *fill*         0x10007212        0x2 
 .text.uart_set_translate_crlf
                0x10007214       0x24 CMakeFiles/Robot-Car.dir/home/rennerra/.pico-sdk/sdk/2.2.0/src/rp2_common/hardware_uart/uart.c.o
                0x10007214                uart_set_translate_crlf
 .text.uart_init
                0x10007238       0x5c CMakeFiles/Robot-Car.dir/home/rennerra/.pico-sdk/sdk/2.2.0/src/rp2_common/hardware_uart/uart.c.o
                0x10007238                uart_init
 .text.clock_configure_internal
                0x10007294       0xb8 CMakeFiles/Robot-Car.dir/home/rennerra/.pico-sdk/sdk/2.2.0/src/rp2_common/hardware_clocks/clocks.c.o
 .text.clock_configure_undivided
                0x1000734c       0x12 CMakeFiles/Robot-Car.dir/home/rennerra/.pico-sdk/sdk/2.2.0/src/rp2_common/hardware_clocks/clocks.c.o
                0x1000734c                clock_configure_undivided
 *fill*         0x1000735e        0x2 
 .text.clock_get_hz
                0x10007360        0xc CMakeFiles/Robot-Car.dir/home/rennerra/.pico-sdk/sdk/2.2.0/src/rp2_common/hardware_clocks/clocks.c.o
                0x10007360                clock_get_hz
 .text.pll_init
                0x1000736c      0x108 CMakeFiles/Robot-Car.dir/home/rennerra/.pico-sdk/sdk/2.2.0/src/rp2_common/hardware_pll/pll.c.o
                0x1000736c                pll_init
 .text.rom_get_sys_info
                0x10007474       0x38 CMakeFiles/Robot-Car.dir/home/rennerra/.pico-sdk/sdk/2.2.0/src/rp2_common/hardware_watchdog/watchdog.c.o
 .text.rom_get_last_boot_type_with_chained_flag
                0x100074ac       0x2e CMakeFiles/Robot-Car.dir/home/rennerra/.pico-sdk/sdk/2.2.0/src/rp2_common/hardware_watchdog/watchdog.c.o
 *fill*         0x100074da        0x2 
 .text.watchdog_update
                0x100074dc       0x14 CMakeFiles/Robot-Car.dir/home/rennerra/.pico-sdk/sdk/2.2.0/src/rp2_common/hardware_watchdog/watchdog.c.o
                0x100074dc                watchdog_update
 .text._watchdog_enable
                0x100074f0       0x6c CMakeFiles/Robot-Car.dir/home/rennerra/.pico-sdk/sdk/2.2.0/src/rp2_common/hardware_watchdog/watchdog.c.o
                0x100074f0                _watchdog_enable
 .text.watchdog_enable
                0x1000755c       0x18 CMakeFiles/Robot-Car.dir/home/rennerra/.pico-sdk/sdk/2.2.0/src/rp2_common/hardware_watchdog/watchdog.c.o
                0x1000755c                watchdog_enable
 .text.watchdog_reboot
                0x10007574       0x44 CMakeFiles/Robot-Car.dir/home/rennerra/.pico-sdk/sdk/2.2.0/src/rp2_common/hardware_watchdog/watchdog.c.o
                0x10007574                watchdog_reboot
 .text.watchdog_caused_reboot
                0x100075b8       0x2c CMakeFiles/Robot-Car.dir/home/rennerra/.pico-sdk/sdk/2.2.0/src/rp2_common/hardware_watchdog/watchdog.c.o
                0x100075b8                watchdog_caused_reboot
 .text.tick_start
                0x100075e4       0x1c CMakeFiles/Robot-Car.dir/home/rennerra/.pico-sdk/sdk/2.2.0/src/rp2_common/hardware_ticks/ticks.c.o
                0x100075e4                tick_start
 .text.rom_reboot
                0x10007600       0x40 CMakeFiles/Robot-Car.dir/home/rennerra/.pico-sdk/sdk/2.2.0/src/rp2_common/pico_bootrom/bootrom.c.o
 .text.rom_func_lookup
                0x10007640       0x1e CMakeFiles/Robot-Car.dir/home/rennerra/.pico-sdk/sdk/2.2.0/src/rp2_common/pico_bootrom/bootrom.c.o
                0x10007640                rom_func_lookup
 .text.rom_reset_usb_boot_extra
                0x1000765e       0x20 CMakeFiles/Robot-Car.dir/home/rennerra/.pico-sdk/sdk/2.2.0/src/rp2_common/pico_bootrom/bootrom.c.o
                0x1000765e                rom_reset_usb_boot_extra
 *fill*         0x1000767e        0x2 
 .text.runtime_init_bootrom_locking_enable
                0x10007680       0x14 CMakeFiles/Robot-Car.dir/home/rennerra/.pico-sdk/sdk/2.2.0/src/rp2_common/pico_bootrom/bootrom_lock.c.o
                0x10007680                runtime_init_bootrom_locking_enable
 .text.boot_locks_reset
                0x10007694       0x20 CMakeFiles/Robot-Car.dir/home/rennerra/.pico-sdk/sdk/2.2.0/src/rp2_common/hardware_boot_lock/boot_lock.c.o
                0x10007694                boot_locks_reset
 .text.runtime_init_boot_locks_reset
                0x100076b4        0x8 CMakeFiles/Robot-Car.dir/home/rennerra/.pico-sdk/sdk/2.2.0/src/rp2_common/hardware_boot_lock/boot_lock.c.o
                0x100076b4                runtime_init_boot_locks_reset
 .text.use_irq_only
                0x100076bc        0x4 CMakeFiles/Robot-Car.dir/home/rennerra/.pico-sdk/sdk/2.2.0/src/rp2_common/pico_flash/flash.c.o
 .text.default_exit_safe_zone_timeout_ms
                0x100076c0       0x54 CMakeFiles/Robot-Car.dir/home/rennerra/.pico-sdk/sdk/2.2.0/src/rp2_common/pico_flash/flash.c.o
 .text.default_enter_safe_zone_timeout_ms
                0x10007714       0x7c CMakeFiles/Robot-Car.dir/home/rennerra/.pico-sdk/sdk/2.2.0/src/rp2_common/pico_flash/flash.c.o
 .text.default_core_init_deinit
                0x10007790       0x10 CMakeFiles/Robot-Car.dir/home/rennerra/.pico-sdk/sdk/2.2.0/src/rp2_common/pico_flash/flash.c.o
 .text.get_flash_safety_helper
                0x100077a0        0x8 CMakeFiles/Robot-Car.dir/home/rennerra/.pico-sdk/sdk/2.2.0/src/rp2_common/pico_flash/flash.c.o
                0x100077a0                get_flash_safety_helper
 .text.flash_safe_execute
                0x100077a8       0x2a CMakeFiles/Robot-Car.dir/home/rennerra/.pico-sdk/sdk/2.2.0/src/rp2_common/pico_flash/flash.c.o
                0x100077a8                flash_safe_execute
 *fill*         0x100077d2        0x2 
 .text.xosc_init
                0x100077d4       0x28 CMakeFiles/Robot-Car.dir/home/rennerra/.pico-sdk/sdk/2.2.0/src/rp2_common/hardware_xosc/xosc.c.o
                0x100077d4                xosc_init
 .text.runtime_run_initializers_from
                0x100077fc       0x18 CMakeFiles/Robot-Car.dir/home/rennerra/.pico-sdk/sdk/2.2.0/src/rp2_common/pico_runtime/runtime.c.o
 .text.first_per_core_initializer
                0x10007814        0x2 CMakeFiles/Robot-Car.dir/home/rennerra/.pico-sdk/sdk/2.2.0/src/rp2_common/pico_runtime/runtime.c.o
 *fill*         0x10007816        0x2 
 .text.runtime_run_initializers
                0x10007818       0x10 CMakeFiles/Robot-Car.dir/home/rennerra/.pico-sdk/sdk/2.2.0/src/rp2_common/pico_runtime/runtime.c.o
                0x10007818                runtime_run_initializers
 .text.runtime_run_per_core_initializers
                0x10007828       0x10 CMakeFiles/Robot-Car.dir/home/rennerra/.pico-sdk/sdk/2.2.0/src/rp2_common/pico_runtime/runtime.c.o
                0x10007828                runtime_run_per_core_initializers
 .text.runtime_init_early_resets
                0x10007838       0x2c CMakeFiles/Robot-Car.dir/home/rennerra/.pico-sdk/sdk/2.2.0/src/rp2_common/pico_runtime_init/runtime_init.c.o
                0x10007838                runtime_init_early_resets
 .text.runtime_init_usb_power_down
                0x10007864       0x20 CMakeFiles/Robot-Car.dir/home/rennerra/.pico-sdk/sdk/2.2.0/src/rp2_common/pico_runtime_init/runtime_init.c.o
                0x10007864                runtime_init_usb_power_down
 .text.runtime_init_per_core_enable_coprocessors
                0x10007884       0x1c CMakeFiles/Robot-Car.dir/home/rennerra/.pico-sdk/sdk/2.2.0/src/rp2_common/pico_runtime_init/runtime_init.c.o
                0x10007884                runtime_init_per_core_enable_coprocessors
 .text.runtime_init_post_clock_resets
                0x100078a0       0x20 CMakeFiles/Robot-Car.dir/home/rennerra/.pico-sdk/sdk/2.2.0/src/rp2_common/pico_runtime_init/runtime_init.c.o
                0x100078a0                runtime_init_post_clock_resets
 .text.runtime_init_bootrom_reset
                0x100078c0       0x12 CMakeFiles/Robot-Car.dir/home/rennerra/.pico-sdk/sdk/2.2.0/src/rp2_common/pico_runtime_init/runtime_init.c.o
                0x100078c0                runtime_init_bootrom_reset
 .text.runtime_init_per_core_bootrom_reset
                0x100078d2       0x12 CMakeFiles/Robot-Car.dir/home/rennerra/.pico-sdk/sdk/2.2.0/src/rp2_common/pico_runtime_init/runtime_init.c.o
                0x100078d2                runtime_init_per_core_bootrom_reset
 .text.runtime_init_spin_locks_reset
                0x100078e4        0x8 CMakeFiles/Robot-Car.dir/home/rennerra/.pico-sdk/sdk/2.2.0/src/rp2_common/pico_runtime_init/runtime_init.c.o
                0x100078e4                runtime_init_spin_locks_reset
 .text.runtime_init_install_ram_vector_table
                0x100078ec       0x48 CMakeFiles/Robot-Car.dir/home/rennerra/.pico-sdk/sdk/2.2.0/src/rp2_common/pico_runtime_init/runtime_init.c.o
                0x100078ec                runtime_init_install_ram_vector_table
 .text.start_all_ticks
                0x10007934       0x28 CMakeFiles/Robot-Car.dir/home/rennerra/.pico-sdk/sdk/2.2.0/src/rp2_common/pico_runtime_init/runtime_init_clocks.c.o
 .text.runtime_init_clocks
                0x1000795c       0xc4 CMakeFiles/Robot-Car.dir/home/rennerra/.pico-sdk/sdk/2.2.0/src/rp2_common/pico_runtime_init/runtime_init_clocks.c.o
                0x1000795c                runtime_init_clocks
 .text.__rp2350_dcp_engaged_state_save_restore
                0x10007a20       0x3a CMakeFiles/Robot-Car.dir/home/rennerra/.pico-sdk/sdk/2.2.0/src/rp2_common/pico_double/double_aeabi_dcp.S.o
 *fill*         0x10007a5a        0x2 
 .text.__wrap___aeabi_dadd
                0x10007a5c       0x28 CMakeFiles/Robot-Car.dir/home/rennerra/.pico-sdk/sdk/2.2.0/src/rp2_common/pico_double/double_aeabi_dcp.S.o
                0x10007a64                __wrap___aeabi_dadd
 .text.__wrap___aeabi_dsub
                0x10007a84       0x28 CMakeFiles/Robot-Car.dir/home/rennerra/.pico-sdk/sdk/2.2.0/src/rp2_common/pico_double/double_aeabi_dcp.S.o
                0x10007a8c                __wrap___aeabi_dsub
 .text.__wrap___aeabi_dmul
                0x10007aac       0x4c CMakeFiles/Robot-Car.dir/home/rennerra/.pico-sdk/sdk/2.2.0/src/rp2_common/pico_double/double_aeabi_dcp.S.o
                0x10007ab4                __wrap___aeabi_dmul
 .text.__wrap___aeabi_ddiv
                0x10007af8       0x9c CMakeFiles/Robot-Car.dir/home/rennerra/.pico-sdk/sdk/2.2.0/src/rp2_common/pico_double/double_aeabi_dcp.S.o
                0x10007b00                __wrap___aeabi_ddiv
 .text.__wrap_sqrt
                0x10007b94       0x98 CMakeFiles/Robot-Car.dir/home/rennerra/.pico-sdk/sdk/2.2.0/src/rp2_common/pico_double/double_aeabi_dcp.S.o
                0x10007b9c                __wrap_sqrt
 .text.__wrap___aeabi_d2f
                0x10007c2c       0x1c CMakeFiles/Robot-Car.dir/home/rennerra/.pico-sdk/sdk/2.2.0/src/rp2_common/pico_double/double_aeabi_dcp.S.o
                0x10007c34                double2float
                0x10007c34                __wrap___aeabi_d2f
 .text.__wrap___aeabi_i2d
                0x10007c48       0x24 CMakeFiles/Robot-Car.dir/home/rennerra/.pico-sdk/sdk/2.2.0/src/rp2_common/pico_double/double_aeabi_dcp.S.o
                0x10007c50                __wrap___aeabi_i2d
                0x10007c50                int2double
 .text.__wrap___aeabi_ui2d
                0x10007c6c       0x24 CMakeFiles/Robot-Car.dir/home/rennerra/.pico-sdk/sdk/2.2.0/src/rp2_common/pico_double/double_aeabi_dcp.S.o
                0x10007c74                __wrap___aeabi_ui2d
                0x10007c74                uint2double
 .text.__wrap___aeabi_d2iz
                0x10007c90       0x24 CMakeFiles/Robot-Car.dir/home/rennerra/.pico-sdk/sdk/2.2.0/src/rp2_common/pico_double/double_aeabi_dcp.S.o
                0x10007c98                __wrap___aeabi_d2iz
                0x10007c98                double2int_z
 .text.__wrap___aeabi_d2uiz
                0x10007cb4       0x24 CMakeFiles/Robot-Car.dir/home/rennerra/.pico-sdk/sdk/2.2.0/src/rp2_common/pico_double/double_aeabi_dcp.S.o
                0x10007cbc                double2uint_z
                0x10007cbc                double2uint
                0x10007cbc                __wrap___aeabi_d2uiz
 .text.__wrap___aeabi_dcmpun
                0x10007cd8       0x24 CMakeFiles/Robot-Car.dir/home/rennerra/.pico-sdk/sdk/2.2.0/src/rp2_common/pico_double/double_aeabi_dcp.S.o
                0x10007ce0                __wrap___aeabi_dcmpun
 .text.__wrap___aeabi_dcmplt
                0x10007cfc       0x28 CMakeFiles/Robot-Car.dir/home/rennerra/.pico-sdk/sdk/2.2.0/src/rp2_common/pico_double/double_aeabi_dcp.S.o
                0x10007d04                __wrap___aeabi_dcmplt
 .text.__wrap___aeabi_dcmple
                0x10007d24       0x28 CMakeFiles/Robot-Car.dir/home/rennerra/.pico-sdk/sdk/2.2.0/src/rp2_common/pico_double/double_aeabi_dcp.S.o
                0x10007d2c                __wrap___aeabi_dcmple
 .text.__wrap___aeabi_dcmpge
                0x10007d4c       0x28 CMakeFiles/Robot-Car.dir/home/rennerra/.pico-sdk/sdk/2.2.0/src/rp2_common/pico_double/double_aeabi_dcp.S.o
                0x10007d54                __wrap___aeabi_dcmpge
 .text.__wrap___aeabi_dcmpgt
                0x10007d74       0x28 CMakeFiles/Robot-Car.dir/home/rennerra/.pico-sdk/sdk/2.2.0/src/rp2_common/pico_double/double_aeabi_dcp.S.o
                0x10007d7c                __wrap___aeabi_dcmpgt
 .text.__wrap_conv_tof
                0x10007d9c      0x1d4 CMakeFiles/Robot-Car.dir/home/rennerra/.pico-sdk/sdk/2.2.0/src/rp2_common/pico_float/float_common_m33.S.o
                0x10007d9c                int642float
                0x10007d9c                __wrap___aeabi_l2f
                0x10007d9e                fix642float
                0x10007e2c                fix2float
                0x10007e98                ufix2float
                0x10007ef4                __wrap___aeabi_ul2f
                0x10007ef4                uint642float
                0x10007ef6                ufix642float
 .text.check_alloc
                0x10007f70       0x20 CMakeFiles/Robot-Car.dir/home/rennerra/.pico-sdk/sdk/2.2.0/src/rp2_common/pico_malloc/malloc.c.o
 .text.__wrap_malloc
                0x10007f90       0x2c CMakeFiles/Robot-Car.dir/home/rennerra/.pico-sdk/sdk/2.2.0/src/rp2_common/pico_malloc/malloc.c.o
                0x10007f90                __wrap_malloc
 .text.__wrap_calloc
                0x10007fbc       0x30 CMakeFiles/Robot-Car.dir/home/rennerra/.pico-sdk/sdk/2.2.0/src/rp2_common/pico_malloc/malloc.c.o
                0x10007fbc                __wrap_calloc
 .text.__wrap_free
                0x10007fec       0x20 CMakeFiles/Robot-Car.dir/home/rennerra/.pico-sdk/sdk/2.2.0/src/rp2_common/pico_malloc/malloc.c.o
                0x10007fec                __wrap_free
 .text._out_null
                0x1000800c        0x2 CMakeFiles/Robot-Car.dir/home/rennerra/.pico-sdk/sdk/2.2.0/src/rp2_common/pico_printf/printf.c.o
 .text._out_fct
                0x1000800e        0xe CMakeFiles/Robot-Car.dir/home/rennerra/.pico-sdk/sdk/2.2.0/src/rp2_common/pico_printf/printf.c.o
 .text._atoi    0x1000801c       0x26 CMakeFiles/Robot-Car.dir/home/rennerra/.pico-sdk/sdk/2.2.0/src/rp2_common/pico_printf/printf.c.o
 .text._out_rev
                0x10008042       0x7e CMakeFiles/Robot-Car.dir/home/rennerra/.pico-sdk/sdk/2.2.0/src/rp2_common/pico_printf/printf.c.o
 .text._ntoa_format
                0x100080c0      0x134 CMakeFiles/Robot-Car.dir/home/rennerra/.pico-sdk/sdk/2.2.0/src/rp2_common/pico_printf/printf.c.o
 .text._ntoa_long
                0x100081f4       0x94 CMakeFiles/Robot-Car.dir/home/rennerra/.pico-sdk/sdk/2.2.0/src/rp2_common/pico_printf/printf.c.o
 .text._ntoa_long_long
                0x10008288       0xc2 CMakeFiles/Robot-Car.dir/home/rennerra/.pico-sdk/sdk/2.2.0/src/rp2_common/pico_printf/printf.c.o
 *fill*         0x1000834a        0x6 
 .text._etoa    0x10008350      0x420 CMakeFiles/Robot-Car.dir/home/rennerra/.pico-sdk/sdk/2.2.0/src/rp2_common/pico_printf/printf.c.o
 .text._ftoa    0x10008770      0x398 CMakeFiles/Robot-Car.dir/home/rennerra/.pico-sdk/sdk/2.2.0/src/rp2_common/pico_printf/printf.c.o
 .text._vsnprintf
                0x10008b08      0x6d8 CMakeFiles/Robot-Car.dir/home/rennerra/.pico-sdk/sdk/2.2.0/src/rp2_common/pico_printf/printf.c.o
 .text.vfctprintf
                0x100091e0       0x24 CMakeFiles/Robot-Car.dir/home/rennerra/.pico-sdk/sdk/2.2.0/src/rp2_common/pico_printf/printf.c.o
                0x100091e0                vfctprintf
 .text._exit    0x10009204        0x4 CMakeFiles/Robot-Car.dir/home/rennerra/.pico-sdk/sdk/2.2.0/src/rp2_common/pico_clib_interface/newlib_interface.c.o
                0x10009204                _exit
 .text._sbrk    0x10009208       0x34 CMakeFiles/Robot-Car.dir/home/rennerra/.pico-sdk/sdk/2.2.0/src/rp2_common/pico_clib_interface/newlib_interface.c.o
                0x10009208                _sbrk
 .text.exit     0x1000923c        0x6 CMakeFiles/Robot-Car.dir/home/rennerra/.pico-sdk/sdk/2.2.0/src/rp2_common/pico_clib_interface/newlib_interface.c.o
                0x1000923c                exit
 *fill*         0x10009242        0x2 
 .text.__assert_func
                0x10009244       0x34 CMakeFiles/Robot-Car.dir/home/rennerra/.pico-sdk/sdk/2.2.0/src/rp2_common/pico_clib_interface/newlib_interface.c.o
                0x10009244                __assert_func
 .text.runtime_init
                0x10009278       0x2c CMakeFiles/Robot-Car.dir/home/rennerra/.pico-sdk/sdk/2.2.0/src/rp2_common/pico_clib_interface/newlib_interface.c.o
                0x10009278                runtime_init
 .text.stdio_out_chars_no_crlf
                0x100092a4        0xe CMakeFiles/Robot-Car.dir/home/rennerra/.pico-sdk/sdk/2.2.0/src/rp2_common/pico_stdio/stdio.c.o
 *fill*         0x100092b2        0x2 
 .text.stdio_out_chars_crlf
                0x100092b4       0x80 CMakeFiles/Robot-Car.dir/home/rennerra/.pico-sdk/sdk/2.2.0/src/rp2_common/pico_stdio/stdio.c.o
 .text.stdio_stack_buffer_flush
                0x10009334       0x40 CMakeFiles/Robot-Car.dir/home/rennerra/.pico-sdk/sdk/2.2.0/src/rp2_common/pico_stdio/stdio.c.o
 .text.stdio_buffered_printer
                0x10009374       0x20 CMakeFiles/Robot-Car.dir/home/rennerra/.pico-sdk/sdk/2.2.0/src/rp2_common/pico_stdio/stdio.c.o
 .text.stdout_serialize_begin
                0x10009394       0x2c CMakeFiles/Robot-Car.dir/home/rennerra/.pico-sdk/sdk/2.2.0/src/rp2_common/pico_stdio/stdio.c.o
                0x10009394                stdout_serialize_begin
 .text.stdout_serialize_end
                0x100093c0       0x10 CMakeFiles/Robot-Car.dir/home/rennerra/.pico-sdk/sdk/2.2.0/src/rp2_common/pico_stdio/stdio.c.o
                0x100093c0                stdout_serialize_end
 .text.stdio_put_string
                0x100093d0       0x8c CMakeFiles/Robot-Car.dir/home/rennerra/.pico-sdk/sdk/2.2.0/src/rp2_common/pico_stdio/stdio.c.o
                0x100093d0                stdio_put_string
 .text.stdio_set_driver_enabled
                0x1000945c       0x2c CMakeFiles/Robot-Car.dir/home/rennerra/.pico-sdk/sdk/2.2.0/src/rp2_common/pico_stdio/stdio.c.o
                0x1000945c                stdio_set_driver_enabled
 .text.stdio_flush
                0x10009488       0x1c CMakeFiles/Robot-Car.dir/home/rennerra/.pico-sdk/sdk/2.2.0/src/rp2_common/pico_stdio/stdio.c.o
                0x10009488                stdio_flush
 .text.stdio_init_all
                0x100094a4        0x8 CMakeFiles/Robot-Car.dir/home/rennerra/.pico-sdk/sdk/2.2.0/src/rp2_common/pico_stdio/stdio.c.o
                0x100094a4                stdio_init_all
 .text.__wrap_puts
                0x100094ac       0x1e CMakeFiles/Robot-Car.dir/home/rennerra/.pico-sdk/sdk/2.2.0/src/rp2_common/pico_stdio/stdio.c.o
                0x100094ac                __wrap_puts
                0x100094ac                stdio_puts
 *fill*         0x100094ca        0x2 
 .text.__wrap_vprintf
                0x100094cc       0x40 CMakeFiles/Robot-Car.dir/home/rennerra/.pico-sdk/sdk/2.2.0/src/rp2_common/pico_stdio/stdio.c.o
                0x100094cc                __wrap_vprintf
                0x100094cc                stdio_vprintf
 .text.__wrap_printf
                0x1000950c       0x1c CMakeFiles/Robot-Car.dir/home/rennerra/.pico-sdk/sdk/2.2.0/src/rp2_common/pico_stdio/stdio.c.o
                0x1000950c                stdio_printf
                0x1000950c                __wrap_printf
 .text.resetd_init
                0x10009528        0x2 CMakeFiles/Robot-Car.dir/home/rennerra/.pico-sdk/sdk/2.2.0/src/rp2_common/pico_stdio_usb/reset_interface.c.o
 *fill*         0x1000952a        0x2 
 .text.resetd_reset
                0x1000952c        0xc CMakeFiles/Robot-Car.dir/home/rennerra/.pico-sdk/sdk/2.2.0/src/rp2_common/pico_stdio_usb/reset_interface.c.o
 .text.resetd_open
                0x10009538       0x34 CMakeFiles/Robot-Car.dir/home/rennerra/.pico-sdk/sdk/2.2.0/src/rp2_common/pico_stdio_usb/reset_interface.c.o
 .text.resetd_xfer_cb
                0x1000956c        0x4 CMakeFiles/Robot-Car.dir/home/rennerra/.pico-sdk/sdk/2.2.0/src/rp2_common/pico_stdio_usb/reset_interface.c.o
 .text.resetd_control_xfer_cb
                0x10009570       0x54 CMakeFiles/Robot-Car.dir/home/rennerra/.pico-sdk/sdk/2.2.0/src/rp2_common/pico_stdio_usb/reset_interface.c.o
 .text.tud_descriptor_bos_cb
                0x100095c4        0x8 CMakeFiles/Robot-Car.dir/home/rennerra/.pico-sdk/sdk/2.2.0/src/rp2_common/pico_stdio_usb/reset_interface.c.o
                0x100095c4                tud_descriptor_bos_cb
 .text.tud_vendor_control_xfer_cb
                0x100095cc       0x30 CMakeFiles/Robot-Car.dir/home/rennerra/.pico-sdk/sdk/2.2.0/src/rp2_common/pico_stdio_usb/reset_interface.c.o
                0x100095cc                tud_vendor_control_xfer_cb
 .text.usbd_app_driver_get_cb
                0x100095fc        0xc CMakeFiles/Robot-Car.dir/home/rennerra/.pico-sdk/sdk/2.2.0/src/rp2_common/pico_stdio_usb/reset_interface.c.o
                0x100095fc                usbd_app_driver_get_cb
 .text.tud_cdc_line_coding_cb
                0x10009608       0x18 CMakeFiles/Robot-Car.dir/home/rennerra/.pico-sdk/sdk/2.2.0/src/rp2_common/pico_stdio_usb/reset_interface.c.o
                0x10009608                tud_cdc_line_coding_cb
 .text.stdio_usb_set_chars_available_callback
                0x10009620       0x14 CMakeFiles/Robot-Car.dir/home/rennerra/.pico-sdk/sdk/2.2.0/src/rp2_common/pico_stdio_usb/stdio_usb.c.o
                0x10009620                stdio_usb_set_chars_available_callback
 .text.stdio_usb_out_flush
                0x10009634       0x48 CMakeFiles/Robot-Car.dir/home/rennerra/.pico-sdk/sdk/2.2.0/src/rp2_common/pico_stdio_usb/stdio_usb.c.o
 .text.timer_task
                0x1000967c       0x70 CMakeFiles/Robot-Car.dir/home/rennerra/.pico-sdk/sdk/2.2.0/src/rp2_common/pico_stdio_usb/stdio_usb.c.o
 .text.usb_irq  0x100096ec       0x10 CMakeFiles/Robot-Car.dir/home/rennerra/.pico-sdk/sdk/2.2.0/src/rp2_common/pico_stdio_usb/stdio_usb.c.o
 .text.alarm_pool_add_alarm_in_us
                0x100096fc       0x3a CMakeFiles/Robot-Car.dir/home/rennerra/.pico-sdk/sdk/2.2.0/src/rp2_common/pico_stdio_usb/stdio_usb.c.o
 .text.add_alarm_in_us
                0x10009736       0x26 CMakeFiles/Robot-Car.dir/home/rennerra/.pico-sdk/sdk/2.2.0/src/rp2_common/pico_stdio_usb/stdio_usb.c.o
 .text.low_priority_worker_irq
                0x1000975c       0xa8 CMakeFiles/Robot-Car.dir/home/rennerra/.pico-sdk/sdk/2.2.0/src/rp2_common/pico_stdio_usb/stdio_usb.c.o
 .text.stdio_usb_init
                0x10009804       0xd4 CMakeFiles/Robot-Car.dir/home/rennerra/.pico-sdk/sdk/2.2.0/src/rp2_common/pico_stdio_usb/stdio_usb.c.o
                0x10009804                stdio_usb_init
 .text.stdio_usb_connected
                0x100098d8        0xa CMakeFiles/Robot-Car.dir/home/rennerra/.pico-sdk/sdk/2.2.0/src/rp2_common/pico_stdio_usb/stdio_usb.c.o
                0x100098d8                stdio_usb_connected
 *fill*         0x100098e2        0x2 
 .text.stdio_usb_in_chars
                0x100098e4       0x8c CMakeFiles/Robot-Car.dir/home/rennerra/.pico-sdk/sdk/2.2.0/src/rp2_common/pico_stdio_usb/stdio_usb.c.o
                0x100098e4                stdio_usb_in_chars
 .text.stdio_usb_out_chars
                0x10009970       0xd4 CMakeFiles/Robot-Car.dir/home/rennerra/.pico-sdk/sdk/2.2.0/src/rp2_common/pico_stdio_usb/stdio_usb.c.o
 .text.tud_descriptor_device_cb
                0x10009a44        0x8 CMakeFiles/Robot-Car.dir/home/rennerra/.pico-sdk/sdk/2.2.0/src/rp2_common/pico_stdio_usb/stdio_usb_descriptors.c.o
                0x10009a44                tud_descriptor_device_cb
 .text.tud_descriptor_configuration_cb
                0x10009a4c        0x8 CMakeFiles/Robot-Car.dir/home/rennerra/.pico-sdk/sdk/2.2.0/src/rp2_common/pico_stdio_usb/stdio_usb_descriptors.c.o
                0x10009a4c                tud_descriptor_configuration_cb
 .text.tud_descriptor_string_cb
                0x10009a54       0x64 CMakeFiles/Robot-Car.dir/home/rennerra/.pico-sdk/sdk/2.2.0/src/rp2_common/pico_stdio_usb/stdio_usb_descriptors.c.o
                0x10009a54                tud_descriptor_string_cb
 .text._retrieve_unique_id_on_boot
                0x10009ab8       0x58 CMakeFiles/Robot-Car.dir/home/rennerra/.pico-sdk/sdk/2.2.0/src/rp2_common/pico_unique_id/unique_id.c.o
 .text.pico_get_unique_board_id_string
                0x10009b10       0x5c CMakeFiles/Robot-Car.dir/home/rennerra/.pico-sdk/sdk/2.2.0/src/rp2_common/pico_unique_id/unique_id.c.o
                0x10009b10                pico_get_unique_board_id_string
 .text.hw_endpoint_init
                0x10009b6c       0xbc CMakeFiles/Robot-Car.dir/home/rennerra/.pico-sdk/sdk/2.2.0/lib/tinyusb/src/portable/raspberrypi/rp2040/dcd_rp2040.c.o
 .text.hw_endpoint_alloc
                0x10009c28       0x48 CMakeFiles/Robot-Car.dir/home/rennerra/.pico-sdk/sdk/2.2.0/lib/tinyusb/src/portable/raspberrypi/rp2040/dcd_rp2040.c.o
 .text.hw_endpoint_open
                0x10009c70       0x44 CMakeFiles/Robot-Car.dir/home/rennerra/.pico-sdk/sdk/2.2.0/lib/tinyusb/src/portable/raspberrypi/rp2040/dcd_rp2040.c.o
 .text.hw_endpoint_xfer
                0x10009cb4       0x1c CMakeFiles/Robot-Car.dir/home/rennerra/.pico-sdk/sdk/2.2.0/lib/tinyusb/src/portable/raspberrypi/rp2040/dcd_rp2040.c.o
 .text.dcd_int_enable
                0x10009cd0       0x28 CMakeFiles/Robot-Car.dir/home/rennerra/.pico-sdk/sdk/2.2.0/lib/tinyusb/src/portable/raspberrypi/rp2040/dcd_rp2040.c.o
                0x10009cd0                dcd_int_enable
 .text.dcd_set_address
                0x10009cf8       0x2c CMakeFiles/Robot-Car.dir/home/rennerra/.pico-sdk/sdk/2.2.0/lib/tinyusb/src/portable/raspberrypi/rp2040/dcd_rp2040.c.o
                0x10009cf8                dcd_set_address
 .text.dcd_connect
                0x10009d24       0x10 CMakeFiles/Robot-Car.dir/home/rennerra/.pico-sdk/sdk/2.2.0/lib/tinyusb/src/portable/raspberrypi/rp2040/dcd_rp2040.c.o
                0x10009d24                dcd_connect
 .text.dcd_init
                0x10009d34       0x84 CMakeFiles/Robot-Car.dir/home/rennerra/.pico-sdk/sdk/2.2.0/lib/tinyusb/src/portable/raspberrypi/rp2040/dcd_rp2040.c.o
                0x10009d34                dcd_init
 .text.dcd_sof_enable
                0x10009db8       0x1c CMakeFiles/Robot-Car.dir/home/rennerra/.pico-sdk/sdk/2.2.0/lib/tinyusb/src/portable/raspberrypi/rp2040/dcd_rp2040.c.o
                0x10009db8                dcd_sof_enable
 .text.dcd_edpt0_status_complete
                0x10009dd4       0x20 CMakeFiles/Robot-Car.dir/home/rennerra/.pico-sdk/sdk/2.2.0/lib/tinyusb/src/portable/raspberrypi/rp2040/dcd_rp2040.c.o
                0x10009dd4                dcd_edpt0_status_complete
 .text.dcd_edpt_open
                0x10009df4       0x22 CMakeFiles/Robot-Car.dir/home/rennerra/.pico-sdk/sdk/2.2.0/lib/tinyusb/src/portable/raspberrypi/rp2040/dcd_rp2040.c.o
                0x10009df4                dcd_edpt_open
 .text.dcd_edpt_close_all
                0x10009e16        0x8 CMakeFiles/Robot-Car.dir/home/rennerra/.pico-sdk/sdk/2.2.0/lib/tinyusb/src/portable/raspberrypi/rp2040/dcd_rp2040.c.o
                0x10009e16                dcd_edpt_close_all
 *fill*         0x10009e1e        0x2 
 .text.dcd_edpt_xfer
                0x10009e20       0x2c CMakeFiles/Robot-Car.dir/home/rennerra/.pico-sdk/sdk/2.2.0/lib/tinyusb/src/portable/raspberrypi/rp2040/dcd_rp2040.c.o
                0x10009e20                dcd_edpt_xfer
 .text.dcd_edpt_stall
                0x10009e4c       0x38 CMakeFiles/Robot-Car.dir/home/rennerra/.pico-sdk/sdk/2.2.0/lib/tinyusb/src/portable/raspberrypi/rp2040/dcd_rp2040.c.o
                0x10009e4c                dcd_edpt_stall
 .text.dcd_edpt_clear_stall
                0x10009e84       0x28 CMakeFiles/Robot-Car.dir/home/rennerra/.pico-sdk/sdk/2.2.0/lib/tinyusb/src/portable/raspberrypi/rp2040/dcd_rp2040.c.o
                0x10009e84                dcd_edpt_clear_stall
 .text.unaligned_memcpy
                0x10009eac       0x14 CMakeFiles/Robot-Car.dir/home/rennerra/.pico-sdk/sdk/2.2.0/lib/tinyusb/src/portable/raspberrypi/rp2040/rp2040_usb.c.o
 .text.rp2040_usb_init
                0x10009ec0       0x40 CMakeFiles/Robot-Car.dir/home/rennerra/.pico-sdk/sdk/2.2.0/lib/tinyusb/src/portable/raspberrypi/rp2040/rp2040_usb.c.o
                0x10009ec0                rp2040_usb_init
 .text.hw_endpoint_xfer_start
                0x10009f00       0x58 CMakeFiles/Robot-Car.dir/home/rennerra/.pico-sdk/sdk/2.2.0/lib/tinyusb/src/portable/raspberrypi/rp2040/rp2040_usb.c.o
                0x10009f00                hw_endpoint_xfer_start
 .text.configuration_reset
                0x10009f58       0x90 CMakeFiles/Robot-Car.dir/home/rennerra/.pico-sdk/sdk/2.2.0/lib/tinyusb/src/device/usbd.c.o
 .text.usbd_reset
                0x10009fe8        0xc CMakeFiles/Robot-Car.dir/home/rennerra/.pico-sdk/sdk/2.2.0/lib/tinyusb/src/device/usbd.c.o
 .text.invoke_class_control
                0x10009ff4       0x1a CMakeFiles/Robot-Car.dir/home/rennerra/.pico-sdk/sdk/2.2.0/lib/tinyusb/src/device/usbd.c.o
 *fill*         0x1000a00e        0x2 
 .text.process_set_config
                0x1000a010      0x1cc CMakeFiles/Robot-Car.dir/home/rennerra/.pico-sdk/sdk/2.2.0/lib/tinyusb/src/device/usbd.c.o
 .text.tud_event_hook_cb
                0x1000a1dc        0x2 CMakeFiles/Robot-Car.dir/home/rennerra/.pico-sdk/sdk/2.2.0/lib/tinyusb/src/device/usbd.c.o
                0x1000a1dc                tud_event_hook_cb
 .text.tud_sof_cb
                0x1000a1de        0x2 CMakeFiles/Robot-Car.dir/home/rennerra/.pico-sdk/sdk/2.2.0/lib/tinyusb/src/device/usbd.c.o
                0x1000a1de                tud_sof_cb
 .text.tud_descriptor_device_qualifier_cb
                0x1000a1e0        0x4 CMakeFiles/Robot-Car.dir/home/rennerra/.pico-sdk/sdk/2.2.0/lib/tinyusb/src/device/usbd.c.o
                0x1000a1e0                tud_descriptor_device_qualifier_cb
 .text.tud_descriptor_other_speed_configuration_cb
                0x1000a1e4        0x4 CMakeFiles/Robot-Car.dir/home/rennerra/.pico-sdk/sdk/2.2.0/lib/tinyusb/src/device/usbd.c.o
                0x1000a1e4                tud_descriptor_other_speed_configuration_cb
 .text.process_get_descriptor
                0x1000a1e8       0xf8 CMakeFiles/Robot-Car.dir/home/rennerra/.pico-sdk/sdk/2.2.0/lib/tinyusb/src/device/usbd.c.o
 .text.tud_mount_cb
                0x1000a2e0        0x2 CMakeFiles/Robot-Car.dir/home/rennerra/.pico-sdk/sdk/2.2.0/lib/tinyusb/src/device/usbd.c.o
                0x1000a2e0                tud_mount_cb
 .text.tud_umount_cb
                0x1000a2e2        0x2 CMakeFiles/Robot-Car.dir/home/rennerra/.pico-sdk/sdk/2.2.0/lib/tinyusb/src/device/usbd.c.o
                0x1000a2e2                tud_umount_cb
 .text.tud_suspend_cb
                0x1000a2e4        0x2 CMakeFiles/Robot-Car.dir/home/rennerra/.pico-sdk/sdk/2.2.0/lib/tinyusb/src/device/usbd.c.o
                0x1000a2e4                tud_suspend_cb
 .text.tud_resume_cb
                0x1000a2e6        0x2 CMakeFiles/Robot-Car.dir/home/rennerra/.pico-sdk/sdk/2.2.0/lib/tinyusb/src/device/usbd.c.o
                0x1000a2e6                tud_resume_cb
 .text.tud_mounted
                0x1000a2e8       0x14 CMakeFiles/Robot-Car.dir/home/rennerra/.pico-sdk/sdk/2.2.0/lib/tinyusb/src/device/usbd.c.o
                0x1000a2e8                tud_mounted
 .text.tud_suspended
                0x1000a2fc       0x10 CMakeFiles/Robot-Car.dir/home/rennerra/.pico-sdk/sdk/2.2.0/lib/tinyusb/src/device/usbd.c.o
                0x1000a2fc                tud_suspended
 .text.tud_inited
                0x1000a30c       0x10 CMakeFiles/Robot-Car.dir/home/rennerra/.pico-sdk/sdk/2.2.0/lib/tinyusb/src/device/usbd.c.o
                0x1000a30c                tud_inited
 .text.tud_rhport_init
                0x1000a31c      0x128 CMakeFiles/Robot-Car.dir/home/rennerra/.pico-sdk/sdk/2.2.0/lib/tinyusb/src/device/usbd.c.o
                0x1000a31c                tud_rhport_init
 .text.usbd_edpt_open
                0x1000a444       0x7c CMakeFiles/Robot-Car.dir/home/rennerra/.pico-sdk/sdk/2.2.0/lib/tinyusb/src/device/usbd.c.o
                0x1000a444                usbd_edpt_open
 .text.usbd_open_edpt_pair
                0x1000a4c0       0xa4 CMakeFiles/Robot-Car.dir/home/rennerra/.pico-sdk/sdk/2.2.0/lib/tinyusb/src/device/usbd.c.o
                0x1000a4c0                usbd_open_edpt_pair
 .text.usbd_edpt_claim
                0x1000a564       0x28 CMakeFiles/Robot-Car.dir/home/rennerra/.pico-sdk/sdk/2.2.0/lib/tinyusb/src/device/usbd.c.o
                0x1000a564                usbd_edpt_claim
 .text.usbd_edpt_release
                0x1000a58c       0x28 CMakeFiles/Robot-Car.dir/home/rennerra/.pico-sdk/sdk/2.2.0/lib/tinyusb/src/device/usbd.c.o
                0x1000a58c                usbd_edpt_release
 .text.usbd_edpt_xfer
                0x1000a5b4       0x90 CMakeFiles/Robot-Car.dir/home/rennerra/.pico-sdk/sdk/2.2.0/lib/tinyusb/src/device/usbd.c.o
                0x1000a5b4                usbd_edpt_xfer
 .text.usbd_edpt_stall
                0x1000a644       0x3c CMakeFiles/Robot-Car.dir/home/rennerra/.pico-sdk/sdk/2.2.0/lib/tinyusb/src/device/usbd.c.o
                0x1000a644                usbd_edpt_stall
 .text.usbd_edpt_clear_stall
                0x1000a680       0x3c CMakeFiles/Robot-Car.dir/home/rennerra/.pico-sdk/sdk/2.2.0/lib/tinyusb/src/device/usbd.c.o
                0x1000a680                usbd_edpt_clear_stall
 .text.usbd_edpt_stalled
                0x1000a6bc       0x1c CMakeFiles/Robot-Car.dir/home/rennerra/.pico-sdk/sdk/2.2.0/lib/tinyusb/src/device/usbd.c.o
                0x1000a6bc                usbd_edpt_stalled
 .text.process_control_request
                0x1000a6d8      0x404 CMakeFiles/Robot-Car.dir/home/rennerra/.pico-sdk/sdk/2.2.0/lib/tinyusb/src/device/usbd.c.o
 .text.tud_task_ext
                0x1000aadc      0x250 CMakeFiles/Robot-Car.dir/home/rennerra/.pico-sdk/sdk/2.2.0/lib/tinyusb/src/device/usbd.c.o
                0x1000aadc                tud_task_ext
 .text.status_stage_xact
                0x1000ad2c       0x1a CMakeFiles/Robot-Car.dir/home/rennerra/.pico-sdk/sdk/2.2.0/lib/tinyusb/src/device/usbd_control.c.o
 *fill*         0x1000ad46        0x2 
 .text.data_stage_xact
                0x1000ad48       0x5c CMakeFiles/Robot-Car.dir/home/rennerra/.pico-sdk/sdk/2.2.0/lib/tinyusb/src/device/usbd_control.c.o
 .text.tud_control_status
                0x1000ada4       0x28 CMakeFiles/Robot-Car.dir/home/rennerra/.pico-sdk/sdk/2.2.0/lib/tinyusb/src/device/usbd_control.c.o
                0x1000ada4                tud_control_status
 .text.tud_control_xfer
                0x1000adcc       0xac CMakeFiles/Robot-Car.dir/home/rennerra/.pico-sdk/sdk/2.2.0/lib/tinyusb/src/device/usbd_control.c.o
                0x1000adcc                tud_control_xfer
 .text.usbd_control_reset
                0x1000ae78       0x14 CMakeFiles/Robot-Car.dir/home/rennerra/.pico-sdk/sdk/2.2.0/lib/tinyusb/src/device/usbd_control.c.o
                0x1000ae78                usbd_control_reset
 .text.usbd_control_set_complete_callback
                0x1000ae8c        0xc CMakeFiles/Robot-Car.dir/home/rennerra/.pico-sdk/sdk/2.2.0/lib/tinyusb/src/device/usbd_control.c.o
                0x1000ae8c                usbd_control_set_complete_callback
 .text.usbd_control_set_request
                0x1000ae98       0x1c CMakeFiles/Robot-Car.dir/home/rennerra/.pico-sdk/sdk/2.2.0/lib/tinyusb/src/device/usbd_control.c.o
                0x1000ae98                usbd_control_set_request
 .text.usbd_control_xfer_cb
                0x1000aeb4      0x10c CMakeFiles/Robot-Car.dir/home/rennerra/.pico-sdk/sdk/2.2.0/lib/tinyusb/src/device/usbd_control.c.o
                0x1000aeb4                usbd_control_xfer_cb
 .text._prep_out_transaction
                0x1000afc0       0x94 CMakeFiles/Robot-Car.dir/home/rennerra/.pico-sdk/sdk/2.2.0/lib/tinyusb/src/class/cdc/cdc_device.c.o
 .text.tud_cdc_n_connected
                0x1000b054       0x34 CMakeFiles/Robot-Car.dir/home/rennerra/.pico-sdk/sdk/2.2.0/lib/tinyusb/src/class/cdc/cdc_device.c.o
                0x1000b054                tud_cdc_n_connected
 .text.tud_cdc_n_available
                0x1000b088       0x18 CMakeFiles/Robot-Car.dir/home/rennerra/.pico-sdk/sdk/2.2.0/lib/tinyusb/src/class/cdc/cdc_device.c.o
                0x1000b088                tud_cdc_n_available
 .text.tud_cdc_n_read
                0x1000b0a0       0x34 CMakeFiles/Robot-Car.dir/home/rennerra/.pico-sdk/sdk/2.2.0/lib/tinyusb/src/class/cdc/cdc_device.c.o
                0x1000b0a0                tud_cdc_n_read
 .text.tud_cdc_n_write_flush
                0x1000b0d4       0xb8 CMakeFiles/Robot-Car.dir/home/rennerra/.pico-sdk/sdk/2.2.0/lib/tinyusb/src/class/cdc/cdc_device.c.o
                0x1000b0d4                tud_cdc_n_write_flush
 .text.tud_cdc_n_write
                0x1000b18c       0x44 CMakeFiles/Robot-Car.dir/home/rennerra/.pico-sdk/sdk/2.2.0/lib/tinyusb/src/class/cdc/cdc_device.c.o
                0x1000b18c                tud_cdc_n_write